Archive member included to satisfy reference by file (symbol)

C:/MaximSDK/Libraries/PeriphDrivers/bin/MAX32690/softfp/libPeriphDriver_softfp.a(mxc_delay.o)
                              c:/Users/ahammad.n/Desktop/Maxim_Micro_Workspace/E_BIKE_SOLUTION_MAX32690_LTC7871_MAX77958_ADBMS_6948/build/BMS.o (MXC_Delay)
C:/MaximSDK/Libraries/PeriphDrivers/bin/MAX32690/softfp/libPeriphDriver_softfp.a(sys_me18.o)
                              c:/Users/ahammad.n/Desktop/Maxim_Micro_Workspace/E_BIKE_SOLUTION_MAX32690_LTC7871_MAX77958_ADBMS_6948/build/board.o (MXC_SYS_ClockEnable)
C:/MaximSDK/Libraries/PeriphDrivers/bin/MAX32690/softfp/libPeriphDriver_softfp.a(ctb_me18.o)
                              C:/MaximSDK/Libraries/PeriphDrivers/bin/MAX32690/softfp/libPeriphDriver_softfp.a(sys_me18.o) (MXC_CTB_Init)
C:/MaximSDK/Libraries/PeriphDrivers/bin/MAX32690/softfp/libPeriphDriver_softfp.a(ctb_reva.o)
                              C:/MaximSDK/Libraries/PeriphDrivers/bin/MAX32690/softfp/libPeriphDriver_softfp.a(ctb_me18.o) (MXC_CTB_RevA_Init)
C:/MaximSDK/Libraries/PeriphDrivers/bin/MAX32690/softfp/libPeriphDriver_softfp.a(ctb_common.o)
                              C:/MaximSDK/Libraries/PeriphDrivers/bin/MAX32690/softfp/libPeriphDriver_softfp.a(ctb_me18.o) (MXC_CTB_Common_Hash_GetBlockSize)
C:/MaximSDK/Libraries/PeriphDrivers/bin/MAX32690/softfp/libPeriphDriver_softfp.a(flc_me18.o)
                              C:/MaximSDK/Libraries/PeriphDrivers/bin/MAX32690/softfp/libPeriphDriver_softfp.a(sys_me18.o) (MXC_FLC_UnlockInfoBlock)
C:/MaximSDK/Libraries/PeriphDrivers/bin/MAX32690/softfp/libPeriphDriver_softfp.a(flc_reva.o)
                              C:/MaximSDK/Libraries/PeriphDrivers/bin/MAX32690/softfp/libPeriphDriver_softfp.a(flc_me18.o) (MXC_FLC_RevA_Busy)
C:/MaximSDK/Libraries/PeriphDrivers/bin/MAX32690/softfp/libPeriphDriver_softfp.a(gpio_me18.o)
                              c:/Users/ahammad.n/Desktop/Maxim_Micro_Workspace/E_BIKE_SOLUTION_MAX32690_LTC7871_MAX77958_ADBMS_6948/build/pb.o (MXC_GPIO_InGet)
C:/MaximSDK/Libraries/PeriphDrivers/bin/MAX32690/softfp/libPeriphDriver_softfp.a(gpio_reva.o)
                              C:/MaximSDK/Libraries/PeriphDrivers/bin/MAX32690/softfp/libPeriphDriver_softfp.a(gpio_me18.o) (MXC_GPIO_RevA_InGet)
C:/MaximSDK/Libraries/PeriphDrivers/bin/MAX32690/softfp/libPeriphDriver_softfp.a(i2c_me18.o)
                              c:/Users/ahammad.n/Desktop/Maxim_Micro_Workspace/E_BIKE_SOLUTION_MAX32690_LTC7871_MAX77958_ADBMS_6948/build/main.o (MXC_I2C_Init)
C:/MaximSDK/Libraries/PeriphDrivers/bin/MAX32690/softfp/libPeriphDriver_softfp.a(i2c_reva.o)
                              C:/MaximSDK/Libraries/PeriphDrivers/bin/MAX32690/softfp/libPeriphDriver_softfp.a(i2c_me18.o) (MXC_I2C_RevA_DMACallback)
C:/MaximSDK/Libraries/PeriphDrivers/bin/MAX32690/softfp/libPeriphDriver_softfp.a(icc_me18.o)
                              c:/Users/ahammad.n/Desktop/Maxim_Micro_Workspace/E_BIKE_SOLUTION_MAX32690_LTC7871_MAX77958_ADBMS_6948/build/system_max32690.o (MXC_ICC_Enable)
C:/MaximSDK/Libraries/PeriphDrivers/bin/MAX32690/softfp/libPeriphDriver_softfp.a(icc_reva.o)
                              C:/MaximSDK/Libraries/PeriphDrivers/bin/MAX32690/softfp/libPeriphDriver_softfp.a(icc_me18.o) (MXC_ICC_RevA_ID)
C:/MaximSDK/Libraries/PeriphDrivers/bin/MAX32690/softfp/libPeriphDriver_softfp.a(spi_me18.o)
                              c:/Users/ahammad.n/Desktop/Maxim_Micro_Workspace/E_BIKE_SOLUTION_MAX32690_LTC7871_MAX77958_ADBMS_6948/build/BMS.o (MXC_SPI_Init)
C:/MaximSDK/Libraries/PeriphDrivers/bin/MAX32690/softfp/libPeriphDriver_softfp.a(spi_reva.o)
                              C:/MaximSDK/Libraries/PeriphDrivers/bin/MAX32690/softfp/libPeriphDriver_softfp.a(spi_me18.o) (MXC_SPI_RevA_Init)
C:/MaximSDK/Libraries/PeriphDrivers/bin/MAX32690/softfp/libPeriphDriver_softfp.a(uart_me18.o)
                              c:/Users/ahammad.n/Desktop/Maxim_Micro_Workspace/E_BIKE_SOLUTION_MAX32690_LTC7871_MAX77958_ADBMS_6948/build/board.o (MXC_UART_Shutdown)
C:/MaximSDK/Libraries/PeriphDrivers/bin/MAX32690/softfp/libPeriphDriver_softfp.a(uart_revb.o)
                              C:/MaximSDK/Libraries/PeriphDrivers/bin/MAX32690/softfp/libPeriphDriver_softfp.a(uart_me18.o) (MXC_UART_RevB_Init)
C:/MaximSDK/Libraries/PeriphDrivers/bin/MAX32690/softfp/libPeriphDriver_softfp.a(mxc_lock.o)
                              C:/MaximSDK/Libraries/PeriphDrivers/bin/MAX32690/softfp/libPeriphDriver_softfp.a(ctb_reva.o) (MXC_GetLock)
C:/MaximSDK/Libraries/PeriphDrivers/bin/MAX32690/softfp/libPeriphDriver_softfp.a(pins_me18.o)
                              C:/MaximSDK/Libraries/PeriphDrivers/bin/MAX32690/softfp/libPeriphDriver_softfp.a(spi_me18.o) (gpio_cfg_spi4_ss2)
C:/MaximSDK/Libraries/PeriphDrivers/bin/MAX32690/softfp/libPeriphDriver_softfp.a(dma_me18.o)
                              C:/MaximSDK/Libraries/PeriphDrivers/bin/MAX32690/softfp/libPeriphDriver_softfp.a(i2c_reva.o) (MXC_DMA_Init)
[...]
Memory Configuration

Name             Origin             Length             Attributes
ROM              0x00000000         0x00020000         xr
FLASH            0x10000000         0x00340000         xr
PAL_NVM_DB       0x10340000         0x00000000         r
RISCV_FLASH      0x00000000         0x00000000         xr
SRAM             0x20000000         0x00120000         xrw
MAILBOX_0        0x00000000         0x00000000         rw
MAILBOX_1        0x00000000         0x00000000         rw
HPB_CS0          0x60000000         0x10000000         xrw
HPB_CS1          0x70000000         0x10000000         xrw
*default*        0x00000000         0xffffffff

Linker script and memory map

LOAD c:/maximsdk/tools/gnutools/10.3/bin/../lib/gcc/arm-none-eabi/10.3.1/thumb/v7e-m+fp/softfp/crti.o
LOAD c:/maximsdk/tools/gnutools/10.3/bin/../lib/gcc/arm-none-eabi/10.3.1/thumb/v7e-m+fp/softfp/crtbegin.o
LOAD c:/maximsdk/tools/gnutools/10.3/bin/../lib/gcc/arm-none-eabi/10.3.1/../../../../arm-none-eabi/lib/thumb/v7e-m+fp/softfp/crt0.o
LOAD c:/Users/ahammad.n/Desktop/Maxim_Micro_Workspace/E_BIKE_SOLUTION_MAX32690_LTC7871_MAX77958_ADBMS_6948/build/BMS.o
LOAD c:/Users/ahammad.n/Desktop/Maxim_Micro_Workspace/E_BIKE_SOLUTION_MAX32690_LTC7871_MAX77958_ADBMS_6948/build/Charger_Functions.o
LOAD c:/Users/ahammad.n/Desktop/Maxim_Micro_Workspace/E_BIKE_SOLUTION_MAX32690_LTC7871_MAX77958_ADBMS_6948/build/main.o
LOAD c:/Users/ahammad.n/Desktop/Maxim_Micro_Workspace/E_BIKE_SOLUTION_MAX32690_LTC7871_MAX77958_ADBMS_6948/build/board.o
LOAD c:/Users/ahammad.n/Desktop/Maxim_Micro_Workspace/E_BIKE_SOLUTION_MAX32690_LTC7871_MAX77958_ADBMS_6948/build/stdio.o
LOAD c:/Users/ahammad.n/Desktop/Maxim_Micro_Workspace/E_BIKE_SOLUTION_MAX32690_LTC7871_MAX77958_ADBMS_6948/build/led.o
LOAD c:/Users/ahammad.n/Desktop/Maxim_Micro_Workspace/E_BIKE_SOLUTION_MAX32690_LTC7871_MAX77958_ADBMS_6948/build/mx25.o
LOAD c:/Users/ahammad.n/Desktop/Maxim_Micro_Workspace/E_BIKE_SOLUTION_MAX32690_LTC7871_MAX77958_ADBMS_6948/build/pb.o
LOAD c:/Users/ahammad.n/Desktop/Maxim_Micro_Workspace/E_BIKE_SOLUTION_MAX32690_LTC7871_MAX77958_ADBMS_6948/build/tft_st7735.o
LOAD c:/Users/ahammad.n/Desktop/Maxim_Micro_Workspace/E_BIKE_SOLUTION_MAX32690_LTC7871_MAX77958_ADBMS_6948/build/startup_max32690.o
LOAD c:/Users/ahammad.n/Desktop/Maxim_Micro_Workspace/E_BIKE_SOLUTION_MAX32690_LTC7871_MAX77958_ADBMS_6948/build/heap.o
LOAD c:/Users/ahammad.n/Desktop/Maxim_Micro_Workspace/E_BIKE_SOLUTION_MAX32690_LTC7871_MAX77958_ADBMS_6948/build/system_max32690.o
START GROUP
LOAD C:/MaximSDK/Libraries/PeriphDrivers/bin/MAX32690/softfp/libPeriphDriver_softfp.a
LOAD c:/maximsdk/tools/gnutools/10.3/bin/../lib/gcc/arm-none-eabi/10.3.1/../../../../arm-none-eabi/lib/thumb/v7e-m+fp/softfp\libc.a
LOAD c:/maximsdk/tools/gnutools/10.3/bin/../lib/gcc/arm-none-eabi/10.3.1/../../../../arm-none-eabi/lib/thumb/v7e-m+fp/softfp\libm.a
LOAD c:/maximsdk/tools/gnutools/10.3/bin/../lib/gcc/arm-none-eabi/10.3.1/../../../../arm-none-eabi/lib/thumb/v7e-m+fp/softfp\libnosys.a
END GROUP
START GROUP
LOAD c:/maximsdk/tools/gnutools/10.3/bin/../lib/gcc/arm-none-eabi/10.3.1/thumb/v7e-m+fp/softfp\libgcc.a
LOAD c:/maximsdk/tools/gnutools/10.3/bin/../lib/gcc/arm-none-eabi/10.3.1/../../../../arm-none-eabi/lib/thumb/v7e-m+fp/softfp\libc.a
END GROUP
LOAD c:/maximsdk/tools/gnutools/10.3/bin/../lib/gcc/arm-none-eabi/10.3.1/thumb/v7e-m+fp/softfp/crtend.o
LOAD c:/maximsdk/tools/gnutools/10.3/bin/../lib/gcc/arm-none-eabi/10.3.1/thumb/v7e-m+fp/softfp/crtn.o
                0x10000000                ARM_FLASH_ORIGIN = _FLASH_ORIGIN
                0x00340000                ARM_FLASH_SIZE = ((_FLASH_SIZE - _RISCV_FLASH_SIZE) - _PAL_NVM_SIZE)
                0x10340000                PAL_NVM_ORIGIN = ((_FLASH_SIZE - _PAL_NVM_SIZE) + _FLASH_ORIGIN)
                0x00000000                RISCV_FLASH_ORIGIN = _RISCV_FLASH_ORIGIN
                0x00000000                RISCV_FLASH_SIZE = _RISCV_FLASH_SIZE
                0x20000000                ARM_SRAM_ORIGIN = _SRAM_ORIGIN
                0x00120000                ARM_SRAM_SIZE = (_SRAM_SIZE - _RISCV_SRAM_SIZE)
                0x00000000                MAILBOX_ORIGIN = _RISCV_SRAM_ORIGIN
                0x00000000                RISCV_SRAM_ORIGIN = _RISCV_SRAM_ORIGIN
                0x00000000                RISCV_SRAM_SIZE = _RISCV_SRAM_SIZE

.rom
 *(.rom_vector)
 *(.rom_handlers*)

.text           0x10000000     0xcf7c
                0x10000000                _text = .
 *(.isr_vector)
 .isr_vector    0x10000000      0x200 c:/Users/ahammad.n/Desktop/Maxim_Micro_Workspace/E_BIKE_SOLUTION_MAX32690_LTC7871_MAX77958_ADBMS_6948/build/startup_max32690.o
                0x10000000                __isr_vector
 EXCLUDE_FILE(*riscv.o) *(.text*)
 .text          0x10000200       0x40 c:/maximsdk/tools/gnutools/10.3/bin/../lib/gcc/arm-none-eabi/10.3.1/thumb/v7e-m+fp/softfp/crtbegin.o
 .text.ADBMS_ADSV
                0x10000240       0x22 c:/Users/ahammad.n/Desktop/Maxim_Micro_Workspace/E_BIKE_SOLUTION_MAX32690_LTC7871_MAX77958_ADBMS_6948/build/BMS.o
                0x10000240                ADBMS_ADSV
 .text.ADBMS_ADI1
                0x10000262       0x22 c:/Users/ahammad.n/Desktop/Maxim_Micro_Workspace/E_BIKE_SOLUTION_MAX32690_LTC7871_MAX77958_ADBMS_6948/build/BMS.o
                0x10000262                ADBMS_ADI1
 .text.ADBMS_ADAX
                0x10000284       0x20 c:/Users/ahammad.n/Desktop/Maxim_Micro_Workspace/E_BIKE_SOLUTION_MAX32690_LTC7871_MAX77958_ADBMS_6948/build/BMS.o
                0x10000284                ADBMS_ADAX
 .text.SPI_Initialization
                0x100002a4       0x58 c:/Users/ahammad.n/Desktop/Maxim_Micro_Workspace/E_BIKE_SOLUTION_MAX32690_LTC7871_MAX77958_ADBMS_6948/build/BMS.o
                0x100002a4                SPI_Initialization
 *fill*         0x100002fc        0x4 
 .text.Detect_Battery
                0x10000300       0x48 c:/Users/ahammad.n/Desktop/Maxim_Micro_Workspace/E_BIKE_SOLUTION_MAX32690_LTC7871_MAX77958_ADBMS_6948/build/BMS.o
                0x10000300                Detect_Battery
 .text.ADBMS_Print_Current_Data
                0x10000348       0x60 c:/Users/ahammad.n/Desktop/Maxim_Micro_Workspace/E_BIKE_SOLUTION_MAX32690_LTC7871_MAX77958_ADBMS_6948/build/BMS.o
                0x10000348                ADBMS_Print_Current_Data
 .text.Pec15_Calc
                0x100003a8       0x44 c:/Users/ahammad.n/Desktop/Maxim_Micro_Workspace/E_BIKE_SOLUTION_MAX32690_LTC7871_MAX77958_ADBMS_6948/build/BMS.o
                0x100003a8                Pec15_Calc
 .text.pec10_calc
                0x100003ec       0x6e c:/Users/ahammad.n/Desktop/Maxim_Micro_Workspace/E_BIKE_SOLUTION_MAX32690_LTC7871_MAX77958_ADBMS_6948/build/BMS.o
                0x100003ec                pec10_calc
 .text.twos_complement_to_int
                0x1000045a       0x1c c:/Users/ahammad.n/Desktop/Maxim_Micro_Workspace/E_BIKE_SOLUTION_MAX32690_LTC7871_MAX77958_ADBMS_6948/build/BMS.o
                0x1000045a                twos_complement_to_int
 *fill*         0x10000476        0x2 
 .text.ADBMS_Print_Data
                0x10000478      0x350 c:/Users/ahammad.n/Desktop/Maxim_Micro_Workspace/E_BIKE_SOLUTION_MAX32690_LTC7871_MAX77958_ADBMS_6948/build/BMS.o
                0x10000478                ADBMS_Print_Data
 .text.ADBMS_Print_Status_Data
                0x100007c8      0x1b4 c:/Users/ahammad.n/Desktop/Maxim_Micro_Workspace/E_BIKE_SOLUTION_MAX32690_LTC7871_MAX77958_ADBMS_6948/build/BMS.o
                0x100007c8                ADBMS_Print_Status_Data
 *fill*         0x1000097c        0x4 
 .text.SetUnderVoltageThreshold
                0x10000980       0x38 c:/Users/ahammad.n/Desktop/Maxim_Micro_Workspace/E_BIKE_SOLUTION_MAX32690_LTC7871_MAX77958_ADBMS_6948/build/BMS.o
                0x10000980                SetUnderVoltageThreshold
 .text.SetOverVoltageThreshold
                0x100009b8       0x38 c:/Users/ahammad.n/Desktop/Maxim_Micro_Workspace/E_BIKE_SOLUTION_MAX32690_LTC7871_MAX77958_ADBMS_6948/build/BMS.o
                0x100009b8                SetOverVoltageThreshold
 .text.WRCFGB_data_Set
                0x100009f0       0x3a c:/Users/ahammad.n/Desktop/Maxim_Micro_Workspace/E_BIKE_SOLUTION_MAX32690_LTC7871_MAX77958_ADBMS_6948/build/BMS.o
                0x100009f0                WRCFGB_data_Set
 *fill*         0x10000a2a        0x2 
 .text.SPI_Transaction
                0x10000a2c       0x44 c:/Users/ahammad.n/Desktop/Maxim_Micro_Workspace/E_BIKE_SOLUTION_MAX32690_LTC7871_MAX77958_ADBMS_6948/build/BMS.o
                0x10000a2c                SPI_Transaction
 .text.SPI_Write
                0x10000a70       0x24 c:/Users/ahammad.n/Desktop/Maxim_Micro_Workspace/E_BIKE_SOLUTION_MAX32690_LTC7871_MAX77958_ADBMS_6948/build/BMS.o
                0x10000a70                SPI_Write
 .text.GPIO_Init_BMS_Charger
                0x10000a94       0xcc c:/Users/ahammad.n/Desktop/Maxim_Micro_Workspace/E_BIKE_SOLUTION_MAX32690_LTC7871_MAX77958_ADBMS_6948/build/BMS.o
                0x10000a94                GPIO_Init_BMS_Charger
 .text.WakeupIC
                0x10000b60       0x4a c:/Users/ahammad.n/Desktop/Maxim_Micro_Workspace/E_BIKE_SOLUTION_MAX32690_LTC7871_MAX77958_ADBMS_6948/build/BMS.o
                0x10000b60                WakeupIC
 *fill*         0x10000baa        0x2 
 .text.WakeupBMSIC
                0x10000bac       0x10 c:/Users/ahammad.n/Desktop/Maxim_Micro_Workspace/E_BIKE_SOLUTION_MAX32690_LTC7871_MAX77958_ADBMS_6948/build/BMS.o
                0x10000bac                WakeupBMSIC
 .text.ADBMSPollADC
                0x10000bbc       0x3e c:/Users/ahammad.n/Desktop/Maxim_Micro_Workspace/E_BIKE_SOLUTION_MAX32690_LTC7871_MAX77958_ADBMS_6948/build/BMS.o
                0x10000bbc                ADBMSPollADC
 .text.ADBMS_Write_Cmd
                0x10000bfa       0x38 c:/Users/ahammad.n/Desktop/Maxim_Micro_Workspace/E_BIKE_SOLUTION_MAX32690_LTC7871_MAX77958_ADBMS_6948/build/BMS.o
                0x10000bfa                ADBMS_Write_Cmd
 .text.ADBMS_Write_Data
                0x10000c32       0x9e c:/Users/ahammad.n/Desktop/Maxim_Micro_Workspace/E_BIKE_SOLUTION_MAX32690_LTC7871_MAX77958_ADBMS_6948/build/BMS.o
                0x10000c32                ADBMS_Write_Data
 .text.ADBMS_Read_Data
                0x10000cd0      0x16c c:/Users/ahammad.n/Desktop/Maxim_Micro_Workspace/E_BIKE_SOLUTION_MAX32690_LTC7871_MAX77958_ADBMS_6948/build/BMS.o
                0x10000cd0                ADBMS_Read_Data
 .text.pollCurntCTSconversion
                0x10000e3c       0x44 c:/Users/ahammad.n/Desktop/Maxim_Micro_Workspace/E_BIKE_SOLUTION_MAX32690_LTC7871_MAX77958_ADBMS_6948/build/BMS.o
                0x10000e3c                pollCurntCTSconversion
 .text.ADBMS_Init
                0x10000e80       0xa0 c:/Users/ahammad.n/Desktop/Maxim_Micro_Workspace/E_BIKE_SOLUTION_MAX32690_LTC7871_MAX77958_ADBMS_6948/build/BMS.o
                0x10000e80                ADBMS_Init
 .text.ADBMS_Status_Reg_voltage_measurment
                0x10000f20       0x9c c:/Users/ahammad.n/Desktop/Maxim_Micro_Workspace/E_BIKE_SOLUTION_MAX32690_LTC7871_MAX77958_ADBMS_6948/build/BMS.o
                0x10000f20                ADBMS_Status_Reg_voltage_measurment
 .text.ADSV_PWM_Discharge_Measurement
                0x10000fbc      0x430 c:/Users/ahammad.n/Desktop/Maxim_Micro_Workspace/E_BIKE_SOLUTION_MAX32690_LTC7871_MAX77958_ADBMS_6948/build/BMS.o
                0x10000fbc                ADSV_PWM_Discharge_Measurement
 .text.ADC_Cont_Current_Measurement
                0x100013ec       0xac c:/Users/ahammad.n/Desktop/Maxim_Micro_Workspace/E_BIKE_SOLUTION_MAX32690_LTC7871_MAX77958_ADBMS_6948/build/BMS.o
                0x100013ec                ADC_Cont_Current_Measurement
 .text.Read_Battery_Voltage_Current
                0x10001498       0x20 c:/Users/ahammad.n/Desktop/Maxim_Micro_Workspace/E_BIKE_SOLUTION_MAX32690_LTC7871_MAX77958_ADBMS_6948/build/BMS.o
                0x10001498                Read_Battery_Voltage_Current
 .text.Register_Read
                0x100014b8       0x30 c:/Users/ahammad.n/Desktop/Maxim_Micro_Workspace/E_BIKE_SOLUTION_MAX32690_LTC7871_MAX77958_ADBMS_6948/build/Charger_Functions.o
                0x100014b8                Register_Read
 .text.Register_Write
                0x100014e8       0x30 c:/Users/ahammad.n/Desktop/Maxim_Micro_Workspace/E_BIKE_SOLUTION_MAX32690_LTC7871_MAX77958_ADBMS_6948/build/Charger_Functions.o
                0x100014e8                Register_Write
 .text.Register_Multi_Read
                0x10001518       0x28 c:/Users/ahammad.n/Desktop/Maxim_Micro_Workspace/E_BIKE_SOLUTION_MAX32690_LTC7871_MAX77958_ADBMS_6948/build/Charger_Functions.o
                0x10001518                Register_Multi_Read
 .text.Multi_Register_4byte_Write
                0x10001540       0x46 c:/Users/ahammad.n/Desktop/Maxim_Micro_Workspace/E_BIKE_SOLUTION_MAX32690_LTC7871_MAX77958_ADBMS_6948/build/Charger_Functions.o
                0x10001540                Multi_Register_4byte_Write
 *fill*         0x10001586        0x2 
 .text.Current_Source_Cap
                0x10001588      0x10c c:/Users/ahammad.n/Desktop/Maxim_Micro_Workspace/E_BIKE_SOLUTION_MAX32690_LTC7871_MAX77958_ADBMS_6948/build/Charger_Functions.o
                0x10001588                Current_Source_Cap
 .text.Set_Sink_PDOs
                0x10001694       0x78 c:/Users/ahammad.n/Desktop/Maxim_Micro_Workspace/E_BIKE_SOLUTION_MAX32690_LTC7871_MAX77958_ADBMS_6948/build/Charger_Functions.o
                0x10001694                Set_Sink_PDOs
 .text.GPIO_Init_PD_Negotiator
                0x1000170c       0x78 c:/Users/ahammad.n/Desktop/Maxim_Micro_Workspace/E_BIKE_SOLUTION_MAX32690_LTC7871_MAX77958_ADBMS_6948/build/Charger_Functions.o
                0x1000170c                GPIO_Init_PD_Negotiator
 .text.MAX77958_Configuration
                0x10001784       0x34 c:/Users/ahammad.n/Desktop/Maxim_Micro_Workspace/E_BIKE_SOLUTION_MAX32690_LTC7871_MAX77958_ADBMS_6948/build/Charger_Functions.o
                0x10001784                MAX77958_Configuration
 .text.get_bit  0x100017b8        0x8 c:/Users/ahammad.n/Desktop/Maxim_Micro_Workspace/E_BIKE_SOLUTION_MAX32690_LTC7871_MAX77958_ADBMS_6948/build/Charger_Functions.o
                0x100017b8                get_bit
 .text.Pec_Calculation
                0x100017c0       0xf8 c:/Users/ahammad.n/Desktop/Maxim_Micro_Workspace/E_BIKE_SOLUTION_MAX32690_LTC7871_MAX77958_ADBMS_6948/build/Charger_Functions.o
                0x100017c0                Pec_Calculation
 .text.Write_Register_LT7871
                0x100018b8       0x70 c:/Users/ahammad.n/Desktop/Maxim_Micro_Workspace/E_BIKE_SOLUTION_MAX32690_LTC7871_MAX77958_ADBMS_6948/build/Charger_Functions.o
                0x100018b8                Write_Register_LT7871
 .text.Mask_Interrupts_PD_Negotiator
                0x10001928       0x34 c:/Users/ahammad.n/Desktop/Maxim_Micro_Workspace/E_BIKE_SOLUTION_MAX32690_LTC7871_MAX77958_ADBMS_6948/build/Charger_Functions.o
                0x10001928                Mask_Interrupts_PD_Negotiator
 .text.Read_and_Clear_Interrupts_PD_Negotiator
                0x1000195c       0x44 c:/Users/ahammad.n/Desktop/Maxim_Micro_Workspace/E_BIKE_SOLUTION_MAX32690_LTC7871_MAX77958_ADBMS_6948/build/Charger_Functions.o
                0x1000195c                Read_and_Clear_Interrupts_PD_Negotiator
 .text.Charger_Mode_Selection
                0x100019a0       0x64 c:/Users/ahammad.n/Desktop/Maxim_Micro_Workspace/E_BIKE_SOLUTION_MAX32690_LTC7871_MAX77958_ADBMS_6948/build/Charger_Functions.o
                0x100019a0                Charger_Mode_Selection
 .text.gpio_isr
                0x10001a04       0x18 c:/Users/ahammad.n/Desktop/Maxim_Micro_Workspace/E_BIKE_SOLUTION_MAX32690_LTC7871_MAX77958_ADBMS_6948/build/Charger_Functions.o
                0x10001a04                gpio_isr
 .text.roundToInteger
                0x10001a1c        0x8 c:/Users/ahammad.n/Desktop/Maxim_Micro_Workspace/E_BIKE_SOLUTION_MAX32690_LTC7871_MAX77958_ADBMS_6948/build/Charger_Functions.o
                0x10001a1c                roundToInteger
 .text.Set_Output_Voltage_LTC7871
                0x10001a24      0x110 c:/Users/ahammad.n/Desktop/Maxim_Micro_Workspace/E_BIKE_SOLUTION_MAX32690_LTC7871_MAX77958_ADBMS_6948/build/Charger_Functions.o
                0x10001a24                Set_Output_Voltage_LTC7871
 .text.CC_CV_Charging
                0x10001b34      0x1e8 c:/Users/ahammad.n/Desktop/Maxim_Micro_Workspace/E_BIKE_SOLUTION_MAX32690_LTC7871_MAX77958_ADBMS_6948/build/Charger_Functions.o
                0x10001b34                CC_CV_Charging
 *fill*         0x10001d1c        0x4 
 .text.main     0x10001d20      0x2ac c:/Users/ahammad.n/Desktop/Maxim_Micro_Workspace/E_BIKE_SOLUTION_MAX32690_LTC7871_MAX77958_ADBMS_6948/build/main.o
                0x10001d20                main
 .text.mxc_assert
                0x10001fcc       0x10 c:/Users/ahammad.n/Desktop/Maxim_Micro_Workspace/E_BIKE_SOLUTION_MAX32690_LTC7871_MAX77958_ADBMS_6948/build/board.o
                0x10001fcc                mxc_assert
 .text.Console_Init
                0x10001fdc       0x18 c:/Users/ahammad.n/Desktop/Maxim_Micro_Workspace/E_BIKE_SOLUTION_MAX32690_LTC7871_MAX77958_ADBMS_6948/build/board.o
                0x10001fdc                Console_Init
 .text.Board_Init
                0x10001ff4       0x4c c:/Users/ahammad.n/Desktop/Maxim_Micro_Workspace/E_BIKE_SOLUTION_MAX32690_LTC7871_MAX77958_ADBMS_6948/build/board.o
                0x10001ff4                Board_Init
 .text.NMI_Handler
                0x10002040       0x10 c:/Users/ahammad.n/Desktop/Maxim_Micro_Workspace/E_BIKE_SOLUTION_MAX32690_LTC7871_MAX77958_ADBMS_6948/build/board.o
                0x10002040                NMI_Handler
 .text.HardFault_Handler
                0x10002050       0x10 c:/Users/ahammad.n/Desktop/Maxim_Micro_Workspace/E_BIKE_SOLUTION_MAX32690_LTC7871_MAX77958_ADBMS_6948/build/board.o
                0x10002050                HardFault_Handler
 .text._close   0x10002060        0x6 c:/Users/ahammad.n/Desktop/Maxim_Micro_Workspace/E_BIKE_SOLUTION_MAX32690_LTC7871_MAX77958_ADBMS_6948/build/stdio.o
                0x10002060                _close
 .text._isatty  0x10002066        0x6 c:/Users/ahammad.n/Desktop/Maxim_Micro_Workspace/E_BIKE_SOLUTION_MAX32690_LTC7871_MAX77958_ADBMS_6948/build/stdio.o
                0x10002066                _isatty
 .text._lseek   0x1000206c        0x6 c:/Users/ahammad.n/Desktop/Maxim_Micro_Workspace/E_BIKE_SOLUTION_MAX32690_LTC7871_MAX77958_ADBMS_6948/build/stdio.o
                0x1000206c                _lseek
 .text._fstat   0x10002072        0x6 c:/Users/ahammad.n/Desktop/Maxim_Micro_Workspace/E_BIKE_SOLUTION_MAX32690_LTC7871_MAX77958_ADBMS_6948/build/stdio.o
                0x10002072                _fstat
 .text._read    0x10002078       0x50 c:/Users/ahammad.n/Desktop/Maxim_Micro_Workspace/E_BIKE_SOLUTION_MAX32690_LTC7871_MAX77958_ADBMS_6948/build/stdio.o
                0x10002078                _read
 .text._write   0x100020c8       0x50 c:/Users/ahammad.n/Desktop/Maxim_Micro_Workspace/E_BIKE_SOLUTION_MAX32690_LTC7871_MAX77958_ADBMS_6948/build/stdio.o
                0x100020c8                _write
 .text.LED_Off  0x10002118       0x44 c:/Users/ahammad.n/Desktop/Maxim_Micro_Workspace/E_BIKE_SOLUTION_MAX32690_LTC7871_MAX77958_ADBMS_6948/build/led.o
                0x10002118                LED_Off
 .text.LED_Init
                0x1000215c       0x3c c:/Users/ahammad.n/Desktop/Maxim_Micro_Workspace/E_BIKE_SOLUTION_MAX32690_LTC7871_MAX77958_ADBMS_6948/build/led.o
                0x1000215c                LED_Init
 .text.PB_Init  0x10002198       0x38 c:/Users/ahammad.n/Desktop/Maxim_Micro_Workspace/E_BIKE_SOLUTION_MAX32690_LTC7871_MAX77958_ADBMS_6948/build/pb.o
                0x10002198                PB_Init
 .text.GPIO0_IRQHandler
                0x100021d0        0xa c:/Users/ahammad.n/Desktop/Maxim_Micro_Workspace/E_BIKE_SOLUTION_MAX32690_LTC7871_MAX77958_ADBMS_6948/build/pb.o
                0x100021d0                GPIO0_IRQHandler
 .text.GPIO1_IRQHandler
                0x100021da        0xa c:/Users/ahammad.n/Desktop/Maxim_Micro_Workspace/E_BIKE_SOLUTION_MAX32690_LTC7871_MAX77958_ADBMS_6948/build/pb.o
                0x100021da                GPIO1_IRQHandler
 .text.GPIO2_IRQHandler
                0x100021e4        0xa c:/Users/ahammad.n/Desktop/Maxim_Micro_Workspace/E_BIKE_SOLUTION_MAX32690_LTC7871_MAX77958_ADBMS_6948/build/pb.o
                0x100021e4                GPIO2_IRQHandler
 .text.GPIO3_IRQHandler
                0x100021ee        0xa c:/Users/ahammad.n/Desktop/Maxim_Micro_Workspace/E_BIKE_SOLUTION_MAX32690_LTC7871_MAX77958_ADBMS_6948/build/pb.o
                0x100021ee                GPIO3_IRQHandler
 .text.GPIOWAKE_IRQHandler
                0x100021f8        0xa c:/Users/ahammad.n/Desktop/Maxim_Micro_Workspace/E_BIKE_SOLUTION_MAX32690_LTC7871_MAX77958_ADBMS_6948/build/pb.o
                0x100021f8                GPIOWAKE_IRQHandler
 *fill*         0x10002202        0x2 
 .text          0x10002204      0x158 c:/Users/ahammad.n/Desktop/Maxim_Micro_Workspace/E_BIKE_SOLUTION_MAX32690_LTC7871_MAX77958_ADBMS_6948/build/startup_max32690.o
                0x10002204                Reset_Handler
                0x10002244                MemManage_Handler
                0x10002246                BusFault_Handler
                0x10002248                UsageFault_Handler
                0x1000224a                SVC_Handler
                0x1000224c                DebugMon_Handler
                0x1000224e                PendSV_Handler
                0x10002250                SysTick_Handler
                0x10002252                Default_Handler
                0x10002254                PF_IRQHandler
                0x10002256                WDT0_IRQHandler
                0x10002258                USB_IRQHandler
                0x1000225a                RTC_IRQHandler
                0x1000225c                TRNG_IRQHandler
                0x1000225e                TMR0_IRQHandler
                0x10002260                TMR1_IRQHandler
                0x10002262                TMR2_IRQHandler
                0x10002264                TMR3_IRQHandler
                0x10002266                TMR4_IRQHandler
                0x10002268                TMR5_IRQHandler
                0x1000226a                RSV11_IRQHandler
                0x1000226c                RSV12_IRQHandler
                0x1000226e                I2C0_IRQHandler
                0x10002270                UART0_IRQHandler
                0x10002272                UART1_IRQHandler
                0x10002274                SPI0_IRQHandler
                0x10002276                SPI1_IRQHandler
                0x10002278                SPI2_IRQHandler
                0x1000227a                RSV19_IRQHandler
                0x1000227c                ADC_IRQHandler
                0x1000227e                RSV21_IRQHandler
                0x10002280                RSV22_IRQHandler
                0x10002282                FLC0_IRQHandler
                0x1000228a                CRYPTO_IRQHandler
                0x1000228c                DMA0_IRQHandler
                0x1000228e                DMA1_IRQHandler
                0x10002290                DMA2_IRQHandler
                0x10002292                DMA3_IRQHandler
                0x10002294                RSV32_IRQHandler
                0x10002296                RSV33_IRQHandler
                0x10002298                UART2_IRQHandler
                0x1000229a                RSV35_IRQHandler
                0x1000229c                I2C1_IRQHandler
                0x1000229e                RSV37_IRQHandler
                0x100022a0                SPIXC_IRQHandler
                0x100022a2                BTLE_TX_DONE_IRQHandler
                0x100022a4                BTLE_RX_RCVD_IRQHandler
                0x100022a6                BTLE_RX_ENG_DET_IRQHandler
                0x100022a8                BTLE_SFD_DET_IRQHandler
                0x100022aa                BTLE_SFD_TO_IRQHandler
                0x100022ac                BTLE_GP_EVENT_IRQHandler
                0x100022ae                BTLE_CFO_IRQHandler
                0x100022b0                BTLE_SIG_DET_IRQHandler
                0x100022b2                BTLE_AGC_EVENT_IRQHandler
                0x100022b4                BTLE_RFFE_SPIM_IRQHandler
                0x100022b6                BTLE_TX_AES_IRQHandler
                0x100022b8                BTLE_RX_AES_IRQHandler
                0x100022ba                BTLE_INV_APB_ADDR_IRQHandler
                0x100022bc                BTLE_IQ_DATA_VALID_IRQHandler
                0x100022be                WUT0_IRQHandler
                0x100022c2                RSV55_IRQHandler
                0x100022c4                SPI3_IRQHandler
                0x100022c6                WDT1_IRQHandler
                0x100022ca                PT_IRQHandler
                0x100022cc                RSV60_IRQHandler
                0x100022ce                HPB_IRQHandler
                0x100022d0                I2C2_IRQHandler
                0x100022d2                RISCV_IRQHandler
                0x100022d4                RSV64_IRQHandler
                0x100022d6                RSV65_IRQHandler
                0x100022d8                RSV66_IRQHandler
                0x100022da                OWM_IRQHandler
                0x100022dc                DMA4_IRQHandler
                0x100022de                DMA5_IRQHandler
                0x100022e0                DMA6_IRQHandler
                0x100022e2                DMA7_IRQHandler
                0x100022e4                DMA8_IRQHandler
                0x100022e6                DMA9_IRQHandler
                0x100022e8                DMA10_IRQHandler
                0x100022ea                DMA11_IRQHandler
                0x100022ec                DMA12_IRQHandler
                0x100022ee                DMA13_IRQHandler
                0x100022f0                DMA14_IRQHandler
                0x100022f2                DMA15_IRQHandler
                0x100022f4                USBDMA_IRQHandler
                0x100022f6                RSV81_IRQHandler
                0x100022f8                ECC_IRQHandler
                0x100022fa                RSV83_IRQHandler
                0x100022fc                RSV84_IRQHandler
                0x100022fe                SCA_IRQHandler
                0x10002300                RSV86_IRQHandler
                0x10002302                FLC1_IRQHandler
                0x10002304                UART3_IRQHandler
                0x10002306                RSV89_IRQHandler
                0x10002308                RSV90_IRQHandler
                0x1000230a                RSV91_IRQHandler
                0x1000230c                RSV92_IRQHandler
                0x1000230e                RSV93_IRQHandler
                0x10002310                RSV94_IRQHandler
                0x10002312                RSV95_IRQHandler
                0x10002314                RSV96_IRQHandler
                0x10002316                RSV97_IRQHandler
                0x10002318                RSV98_IRQHandler
                0x1000231a                I2S_IRQHandler
                0x1000231c                RSV100_IRQHandler
                0x1000231e                RSV101_IRQHandler
                0x10002320                RSV102_IRQHandler
                0x10002322                LPCMP_IRQHandler
                0x10002324                RSV104_IRQHandler
                0x10002326                SPI4_IRQHandler
                0x10002328                RSV106_IRQHandler
                0x1000232a                CAN0_IRQHandler
                0x1000232c                CAN1_IRQHandler
                0x1000232e                WUT1_IRQHandler
                0x10002330                RSV110_IRQHandler
                0x10002332                RSV111_IRQHandler
 .text._sbrk    0x1000235c       0x40 c:/Users/ahammad.n/Desktop/Maxim_Micro_Workspace/E_BIKE_SOLUTION_MAX32690_LTC7871_MAX77958_ADBMS_6948/build/heap.o
                0x1000235c                _sbrk
 .text.SystemCoreClockUpdate
                0x1000239c       0x80 c:/Users/ahammad.n/Desktop/Maxim_Micro_Workspace/E_BIKE_SOLUTION_MAX32690_LTC7871_MAX77958_ADBMS_6948/build/system_max32690.o
                0x1000239c                SystemCoreClockUpdate
 .text.PreInit  0x1000241c        0x4 c:/Users/ahammad.n/Desktop/Maxim_Micro_Workspace/E_BIKE_SOLUTION_MAX32690_LTC7871_MAX77958_ADBMS_6948/build/system_max32690.o
                0x1000241c                PreInit
 .text.PalSysInit
                0x10002420        0x2 c:/Users/ahammad.n/Desktop/Maxim_Micro_Workspace/E_BIKE_SOLUTION_MAX32690_LTC7871_MAX77958_ADBMS_6948/build/system_max32690.o
                0x10002420                PalSysInit
 *fill*         0x10002422        0x2 
 .text.SystemInit
                0x10002424       0x84 c:/Users/ahammad.n/Desktop/Maxim_Micro_Workspace/E_BIKE_SOLUTION_MAX32690_LTC7871_MAX77958_ADBMS_6948/build/system_max32690.o
                0x10002424                SystemInit
 .text.MXC_DelayInit
                0x100024a8       0x84 C:/MaximSDK/Libraries/PeriphDrivers/bin/MAX32690/softfp/libPeriphDriver_softfp.a(mxc_delay.o)
 .text.MXC_DelayAsync
                0x1000252c       0x44 C:/MaximSDK/Libraries/PeriphDrivers/bin/MAX32690/softfp/libPeriphDriver_softfp.a(mxc_delay.o)
                0x1000252c                MXC_DelayAsync
 .text.MXC_DelayAbort
                0x10002570       0x34 C:/MaximSDK/Libraries/PeriphDrivers/bin/MAX32690/softfp/libPeriphDriver_softfp.a(mxc_delay.o)
                0x10002570                MXC_DelayAbort
 .text.MXC_Delay
                0x100025a4       0x58 C:/MaximSDK/Libraries/PeriphDrivers/bin/MAX32690/softfp/libPeriphDriver_softfp.a(mxc_delay.o)
                0x100025a4                MXC_Delay
 .text.MXC_SYS_ClockDisable
                0x100025fc       0x48 C:/MaximSDK/Libraries/PeriphDrivers/bin/MAX32690/softfp/libPeriphDriver_softfp.a(sys_me18.o)
                0x100025fc                MXC_SYS_ClockDisable
 .text.MXC_SYS_ClockEnable
                0x10002644       0x50 C:/MaximSDK/Libraries/PeriphDrivers/bin/MAX32690/softfp/libPeriphDriver_softfp.a(sys_me18.o)
                0x10002644                MXC_SYS_ClockEnable
 .text.MXC_SYS_Clock_Timeout
                0x10002694       0x1c C:/MaximSDK/Libraries/PeriphDrivers/bin/MAX32690/softfp/libPeriphDriver_softfp.a(sys_me18.o)
                0x10002694                MXC_SYS_Clock_Timeout
 .text.MXC_SYS_ClockSourceEnable
                0x100026b0       0xa4 C:/MaximSDK/Libraries/PeriphDrivers/bin/MAX32690/softfp/libPeriphDriver_softfp.a(sys_me18.o)
                0x100026b0                MXC_SYS_ClockSourceEnable
 .text.MXC_SYS_Clock_Select
                0x10002754      0x12c C:/MaximSDK/Libraries/PeriphDrivers/bin/MAX32690/softfp/libPeriphDriver_softfp.a(sys_me18.o)
                0x10002754                MXC_SYS_Clock_Select
 .text.MXC_SYS_Reset_Periph
                0x10002880       0x54 C:/MaximSDK/Libraries/PeriphDrivers/bin/MAX32690/softfp/libPeriphDriver_softfp.a(sys_me18.o)
                0x10002880                MXC_SYS_Reset_Periph
 .text.MXC_GPIO_Init
                0x100028d4       0x44 C:/MaximSDK/Libraries/PeriphDrivers/bin/MAX32690/softfp/libPeriphDriver_softfp.a(gpio_me18.o)
                0x100028d4                MXC_GPIO_Init
 .text.MXC_GPIO_OutSet
                0x10002918       0x2c C:/MaximSDK/Libraries/PeriphDrivers/bin/MAX32690/softfp/libPeriphDriver_softfp.a(gpio_me18.o)
                0x10002918                MXC_GPIO_OutSet
 .text.MXC_GPIO_OutClr
                0x10002944       0x30 C:/MaximSDK/Libraries/PeriphDrivers/bin/MAX32690/softfp/libPeriphDriver_softfp.a(gpio_me18.o)
                0x10002944                MXC_GPIO_OutClr
 .text.MXC_GPIO_IntConfig
                0x10002974       0x24 C:/MaximSDK/Libraries/PeriphDrivers/bin/MAX32690/softfp/libPeriphDriver_softfp.a(gpio_me18.o)
                0x10002974                MXC_GPIO_IntConfig
 .text.MXC_GPIO_EnableInt
                0x10002998       0x24 C:/MaximSDK/Libraries/PeriphDrivers/bin/MAX32690/softfp/libPeriphDriver_softfp.a(gpio_me18.o)
                0x10002998                MXC_GPIO_EnableInt
 .text.MXC_GPIO_RegisterCallback
                0x100029bc        0x8 C:/MaximSDK/Libraries/PeriphDrivers/bin/MAX32690/softfp/libPeriphDriver_softfp.a(gpio_me18.o)
                0x100029bc                MXC_GPIO_RegisterCallback
 .text.MXC_GPIO_Handler
                0x100029c4        0x8 C:/MaximSDK/Libraries/PeriphDrivers/bin/MAX32690/softfp/libPeriphDriver_softfp.a(gpio_me18.o)
                0x100029c4                MXC_GPIO_Handler
 .text.MXC_GPIO_ClearFlags
                0x100029cc       0x20 C:/MaximSDK/Libraries/PeriphDrivers/bin/MAX32690/softfp/libPeriphDriver_softfp.a(gpio_me18.o)
                0x100029cc                MXC_GPIO_ClearFlags
 .text.MXC_GPIO_GetFlags
                0x100029ec       0x20 C:/MaximSDK/Libraries/PeriphDrivers/bin/MAX32690/softfp/libPeriphDriver_softfp.a(gpio_me18.o)
                0x100029ec                MXC_GPIO_GetFlags
 .text.MXC_GPIO_SetVSSEL
                0x10002a0c       0x18 C:/MaximSDK/Libraries/PeriphDrivers/bin/MAX32690/softfp/libPeriphDriver_softfp.a(gpio_me18.o)
                0x10002a0c                MXC_GPIO_SetVSSEL
 .text.MXC_GPIO_Config
                0x10002a24      0x28c C:/MaximSDK/Libraries/PeriphDrivers/bin/MAX32690/softfp/libPeriphDriver_softfp.a(gpio_me18.o)
                0x10002a24                MXC_GPIO_Config
 .text.MXC_GPIO_RevA_OutSet
                0x10002cb0        0x4 C:/MaximSDK/Libraries/PeriphDrivers/bin/MAX32690/softfp/libPeriphDriver_softfp.a(gpio_reva.o)
                0x10002cb0                MXC_GPIO_RevA_OutSet
 .text.MXC_GPIO_RevA_OutClr
                0x10002cb4        0x4 C:/MaximSDK/Libraries/PeriphDrivers/bin/MAX32690/softfp/libPeriphDriver_softfp.a(gpio_reva.o)
                0x10002cb4                MXC_GPIO_RevA_OutClr
 .text.MXC_GPIO_RevA_IntConfig
                0x10002cb8       0xaa C:/MaximSDK/Libraries/PeriphDrivers/bin/MAX32690/softfp/libPeriphDriver_softfp.a(gpio_reva.o)
                0x10002cb8                MXC_GPIO_RevA_IntConfig
 .text.MXC_GPIO_RevA_EnableInt
                0x10002d62        0x4 C:/MaximSDK/Libraries/PeriphDrivers/bin/MAX32690/softfp/libPeriphDriver_softfp.a(gpio_reva.o)
                0x10002d62                MXC_GPIO_RevA_EnableInt
 .text.MXC_GPIO_RevA_ClearFlags
                0x10002d66        0x4 C:/MaximSDK/Libraries/PeriphDrivers/bin/MAX32690/softfp/libPeriphDriver_softfp.a(gpio_reva.o)
                0x10002d66                MXC_GPIO_RevA_ClearFlags
 .text.MXC_GPIO_RevA_GetFlags
                0x10002d6a        0x4 C:/MaximSDK/Libraries/PeriphDrivers/bin/MAX32690/softfp/libPeriphDriver_softfp.a(gpio_reva.o)
                0x10002d6a                MXC_GPIO_RevA_GetFlags
 .text.MXC_GPIO_RevA_SetVSSEL
                0x10002d6e       0x2a C:/MaximSDK/Libraries/PeriphDrivers/bin/MAX32690/softfp/libPeriphDriver_softfp.a(gpio_reva.o)
                0x10002d6e                MXC_GPIO_RevA_SetVSSEL
 .text.MXC_GPIO_RevA_SetAF
                0x10002d98       0x72 C:/MaximSDK/Libraries/PeriphDrivers/bin/MAX32690/softfp/libPeriphDriver_softfp.a(gpio_reva.o)
                0x10002d98                MXC_GPIO_RevA_SetAF
 .text.MXC_I2C_SetSlaveAddr
                0x10002e0a        0x8 C:/MaximSDK/Libraries/PeriphDrivers/bin/MAX32690/softfp/libPeriphDriver_softfp.a(i2c_me18.o)
                0x10002e0a                MXC_I2C_SetSlaveAddr
 *fill*         0x10002e12        0x2 
 .text.MXC_I2C_Shutdown
                0x10002e14       0x58 C:/MaximSDK/Libraries/PeriphDrivers/bin/MAX32690/softfp/libPeriphDriver_softfp.a(i2c_me18.o)
                0x10002e14                MXC_I2C_Shutdown
 .text.MXC_I2C_Init
                0x10002e6c       0x78 C:/MaximSDK/Libraries/PeriphDrivers/bin/MAX32690/softfp/libPeriphDriver_softfp.a(i2c_me18.o)
                0x10002e6c                MXC_I2C_Init
 .text.MXC_I2C_SetFrequency
                0x10002ee4       0x18 C:/MaximSDK/Libraries/PeriphDrivers/bin/MAX32690/softfp/libPeriphDriver_softfp.a(i2c_me18.o)
                0x10002ee4                MXC_I2C_SetFrequency
 .text.MXC_I2C_GetFrequency
                0x10002efc        0x8 C:/MaximSDK/Libraries/PeriphDrivers/bin/MAX32690/softfp/libPeriphDriver_softfp.a(i2c_me18.o)
                0x10002efc                MXC_I2C_GetFrequency
 .text.MXC_I2C_Start
                0x10002f04        0x8 C:/MaximSDK/Libraries/PeriphDrivers/bin/MAX32690/softfp/libPeriphDriver_softfp.a(i2c_me18.o)
                0x10002f04                MXC_I2C_Start
 .text.MXC_I2C_Stop
                0x10002f0c        0x8 C:/MaximSDK/Libraries/PeriphDrivers/bin/MAX32690/softfp/libPeriphDriver_softfp.a(i2c_me18.o)
                0x10002f0c                MXC_I2C_Stop
 .text.MXC_I2C_ReadRXFIFO
                0x10002f14        0x8 C:/MaximSDK/Libraries/PeriphDrivers/bin/MAX32690/softfp/libPeriphDriver_softfp.a(i2c_me18.o)
                0x10002f14                MXC_I2C_ReadRXFIFO
 .text.MXC_I2C_WriteTXFIFO
                0x10002f1c        0x8 C:/MaximSDK/Libraries/PeriphDrivers/bin/MAX32690/softfp/libPeriphDriver_softfp.a(i2c_me18.o)
                0x10002f1c                MXC_I2C_WriteTXFIFO
 .text.MXC_I2C_ClearRXFIFO
                0x10002f24        0x8 C:/MaximSDK/Libraries/PeriphDrivers/bin/MAX32690/softfp/libPeriphDriver_softfp.a(i2c_me18.o)
                0x10002f24                MXC_I2C_ClearRXFIFO
 .text.MXC_I2C_ClearTXFIFO
                0x10002f2c        0x8 C:/MaximSDK/Libraries/PeriphDrivers/bin/MAX32690/softfp/libPeriphDriver_softfp.a(i2c_me18.o)
                0x10002f2c                MXC_I2C_ClearTXFIFO
 .text.MXC_I2C_ClearFlags
                0x10002f34        0x8 C:/MaximSDK/Libraries/PeriphDrivers/bin/MAX32690/softfp/libPeriphDriver_softfp.a(i2c_me18.o)
                0x10002f34                MXC_I2C_ClearFlags
 .text.MXC_I2C_Recover
                0x10002f3c        0x8 C:/MaximSDK/Libraries/PeriphDrivers/bin/MAX32690/softfp/libPeriphDriver_softfp.a(i2c_me18.o)
                0x10002f3c                MXC_I2C_Recover
 .text.MXC_I2C_MasterTransaction
                0x10002f44        0x8 C:/MaximSDK/Libraries/PeriphDrivers/bin/MAX32690/softfp/libPeriphDriver_softfp.a(i2c_me18.o)
                0x10002f44                MXC_I2C_MasterTransaction
 .text.MXC_I2C_SetRXThreshold
                0x10002f4c        0x8 C:/MaximSDK/Libraries/PeriphDrivers/bin/MAX32690/softfp/libPeriphDriver_softfp.a(i2c_me18.o)
                0x10002f4c                MXC_I2C_SetRXThreshold
 .text.MXC_I2C_SetTXThreshold
                0x10002f54        0x8 C:/MaximSDK/Libraries/PeriphDrivers/bin/MAX32690/softfp/libPeriphDriver_softfp.a(i2c_me18.o)
                0x10002f54                MXC_I2C_SetTXThreshold
 .text.MXC_I2C_RevA_Init
                0x10002f5c       0xd0 C:/MaximSDK/Libraries/PeriphDrivers/bin/MAX32690/softfp/libPeriphDriver_softfp.a(i2c_reva.o)
                0x10002f5c                MXC_I2C_RevA_Init
 .text.MXC_I2C_RevA_SetSlaveAddr
                0x1000302c       0x36 C:/MaximSDK/Libraries/PeriphDrivers/bin/MAX32690/softfp/libPeriphDriver_softfp.a(i2c_reva.o)
                0x1000302c                MXC_I2C_RevA_SetSlaveAddr
 *fill*         0x10003062        0x2 
 .text.MXC_I2C_RevA_SetFrequency
                0x10003064       0xc0 C:/MaximSDK/Libraries/PeriphDrivers/bin/MAX32690/softfp/libPeriphDriver_softfp.a(i2c_reva.o)
                0x10003064                MXC_I2C_RevA_SetFrequency
 .text.MXC_I2C_RevA_GetFrequency
                0x10003124       0x20 C:/MaximSDK/Libraries/PeriphDrivers/bin/MAX32690/softfp/libPeriphDriver_softfp.a(i2c_reva.o)
                0x10003124                MXC_I2C_RevA_GetFrequency
 .text.MXC_I2C_RevA_Start
                0x10003144       0x28 C:/MaximSDK/Libraries/PeriphDrivers/bin/MAX32690/softfp/libPeriphDriver_softfp.a(i2c_reva.o)
                0x10003144                MXC_I2C_RevA_Start
 .text.MXC_I2C_RevA_Stop
                0x1000316c       0x1e C:/MaximSDK/Libraries/PeriphDrivers/bin/MAX32690/softfp/libPeriphDriver_softfp.a(i2c_reva.o)
                0x1000316c                MXC_I2C_RevA_Stop
 .text.MXC_I2C_RevA_ReadRXFIFO
                0x1000318a       0x30 C:/MaximSDK/Libraries/PeriphDrivers/bin/MAX32690/softfp/libPeriphDriver_softfp.a(i2c_reva.o)
                0x1000318a                MXC_I2C_RevA_ReadRXFIFO
 .text.MXC_I2C_RevA_WriteTXFIFO
                0x100031ba       0x30 C:/MaximSDK/Libraries/PeriphDrivers/bin/MAX32690/softfp/libPeriphDriver_softfp.a(i2c_reva.o)
                0x100031ba                MXC_I2C_RevA_WriteTXFIFO
 .text.MXC_I2C_RevA_ClearRXFIFO
                0x100031ea       0x12 C:/MaximSDK/Libraries/PeriphDrivers/bin/MAX32690/softfp/libPeriphDriver_softfp.a(i2c_reva.o)
                0x100031ea                MXC_I2C_RevA_ClearRXFIFO
 .text.MXC_I2C_RevA_ClearTXFIFO
                0x100031fc       0x12 C:/MaximSDK/Libraries/PeriphDrivers/bin/MAX32690/softfp/libPeriphDriver_softfp.a(i2c_reva.o)
                0x100031fc                MXC_I2C_RevA_ClearTXFIFO
 .text.MXC_I2C_RevA_ClearFlags
                0x1000320e        0x6 C:/MaximSDK/Libraries/PeriphDrivers/bin/MAX32690/softfp/libPeriphDriver_softfp.a(i2c_reva.o)
                0x1000320e                MXC_I2C_RevA_ClearFlags
 .text.MXC_I2C_RevA_Recover
                0x10003214       0xd8 C:/MaximSDK/Libraries/PeriphDrivers/bin/MAX32690/softfp/libPeriphDriver_softfp.a(i2c_reva.o)
                0x10003214                MXC_I2C_RevA_Recover
 .text.MXC_I2C_RevA_MasterTransaction
                0x100032ec      0x198 C:/MaximSDK/Libraries/PeriphDrivers/bin/MAX32690/softfp/libPeriphDriver_softfp.a(i2c_reva.o)
                0x100032ec                MXC_I2C_RevA_MasterTransaction
 .text.MXC_I2C_RevA_SetRXThreshold
                0x10003484       0x1e C:/MaximSDK/Libraries/PeriphDrivers/bin/MAX32690/softfp/libPeriphDriver_softfp.a(i2c_reva.o)
                0x10003484                MXC_I2C_RevA_SetRXThreshold
 .text.MXC_I2C_RevA_SetTXThreshold
                0x100034a2       0x20 C:/MaximSDK/Libraries/PeriphDrivers/bin/MAX32690/softfp/libPeriphDriver_softfp.a(i2c_reva.o)
                0x100034a2                MXC_I2C_RevA_SetTXThreshold
 .text.MXC_ICC_Enable
                0x100034c2        0x8 C:/MaximSDK/Libraries/PeriphDrivers/bin/MAX32690/softfp/libPeriphDriver_softfp.a(icc_me18.o)
                0x100034c2                MXC_ICC_Enable
 .text.MXC_ICC_Disable
                0x100034ca        0x8 C:/MaximSDK/Libraries/PeriphDrivers/bin/MAX32690/softfp/libPeriphDriver_softfp.a(icc_me18.o)
                0x100034ca                MXC_ICC_Disable
 .text.MXC_ICC_Ready
                0x100034d2        0xa C:/MaximSDK/Libraries/PeriphDrivers/bin/MAX32690/softfp/libPeriphDriver_softfp.a(icc_reva.o)
 .text.MXC_ICC_RevA_Enable
                0x100034dc       0x38 C:/MaximSDK/Libraries/PeriphDrivers/bin/MAX32690/softfp/libPeriphDriver_softfp.a(icc_reva.o)
                0x100034dc                MXC_ICC_RevA_Enable
 .text.MXC_ICC_RevA_Disable
                0x10003514        0xe C:/MaximSDK/Libraries/PeriphDrivers/bin/MAX32690/softfp/libPeriphDriver_softfp.a(icc_reva.o)
                0x10003514                MXC_ICC_RevA_Disable
 *fill*         0x10003522        0x2 
 .text.MXC_SPI_Init
                0x10003524      0x27c C:/MaximSDK/Libraries/PeriphDrivers/bin/MAX32690/softfp/libPeriphDriver_softfp.a(spi_me18.o)
                0x10003524                MXC_SPI_Init
 .text.MXC_SPI_GetPeripheralClock
                0x100037a0       0xb0 C:/MaximSDK/Libraries/PeriphDrivers/bin/MAX32690/softfp/libPeriphDriver_softfp.a(spi_me18.o)
                0x100037a0                MXC_SPI_GetPeripheralClock
 .text.MXC_SPI_SetFrequency
                0x10003850        0x8 C:/MaximSDK/Libraries/PeriphDrivers/bin/MAX32690/softfp/libPeriphDriver_softfp.a(spi_me18.o)
                0x10003850                MXC_SPI_SetFrequency
 .text.MXC_SPI_SetDataSize
                0x10003858        0x8 C:/MaximSDK/Libraries/PeriphDrivers/bin/MAX32690/softfp/libPeriphDriver_softfp.a(spi_me18.o)
                0x10003858                MXC_SPI_SetDataSize
 .text.MXC_SPI_GetDataSize
                0x10003860        0x8 C:/MaximSDK/Libraries/PeriphDrivers/bin/MAX32690/softfp/libPeriphDriver_softfp.a(spi_me18.o)
                0x10003860                MXC_SPI_GetDataSize
 .text.MXC_SPI_SetSlave
                0x10003868        0x8 C:/MaximSDK/Libraries/PeriphDrivers/bin/MAX32690/softfp/libPeriphDriver_softfp.a(spi_me18.o)
                0x10003868                MXC_SPI_SetSlave
 .text.MXC_SPI_SetWidth
                0x10003870        0x8 C:/MaximSDK/Libraries/PeriphDrivers/bin/MAX32690/softfp/libPeriphDriver_softfp.a(spi_me18.o)
                0x10003870                MXC_SPI_SetWidth
 .text.MXC_SPI_GetWidth
                0x10003878        0x8 C:/MaximSDK/Libraries/PeriphDrivers/bin/MAX32690/softfp/libPeriphDriver_softfp.a(spi_me18.o)
                0x10003878                MXC_SPI_GetWidth
 .text.MXC_SPI_SetMode
                0x10003880        0x8 C:/MaximSDK/Libraries/PeriphDrivers/bin/MAX32690/softfp/libPeriphDriver_softfp.a(spi_me18.o)
                0x10003880                MXC_SPI_SetMode
 .text.MXC_SPI_StartTransmission
                0x10003888        0x8 C:/MaximSDK/Libraries/PeriphDrivers/bin/MAX32690/softfp/libPeriphDriver_softfp.a(spi_me18.o)
                0x10003888                MXC_SPI_StartTransmission
 .text.MXC_SPI_GetActive
                0x10003890        0x8 C:/MaximSDK/Libraries/PeriphDrivers/bin/MAX32690/softfp/libPeriphDriver_softfp.a(spi_me18.o)
                0x10003890                MXC_SPI_GetActive
 .text.MXC_SPI_ReadRXFIFO
                0x10003898        0x8 C:/MaximSDK/Libraries/PeriphDrivers/bin/MAX32690/softfp/libPeriphDriver_softfp.a(spi_me18.o)
                0x10003898                MXC_SPI_ReadRXFIFO
 .text.MXC_SPI_GetRXFIFOAvailable
                0x100038a0        0x8 C:/MaximSDK/Libraries/PeriphDrivers/bin/MAX32690/softfp/libPeriphDriver_softfp.a(spi_me18.o)
                0x100038a0                MXC_SPI_GetRXFIFOAvailable
 .text.MXC_SPI_WriteTXFIFO
                0x100038a8        0x8 C:/MaximSDK/Libraries/PeriphDrivers/bin/MAX32690/softfp/libPeriphDriver_softfp.a(spi_me18.o)
                0x100038a8                MXC_SPI_WriteTXFIFO
 .text.MXC_SPI_GetTXFIFOAvailable
                0x100038b0        0x8 C:/MaximSDK/Libraries/PeriphDrivers/bin/MAX32690/softfp/libPeriphDriver_softfp.a(spi_me18.o)
                0x100038b0                MXC_SPI_GetTXFIFOAvailable
 .text.MXC_SPI_SetRXThreshold
                0x100038b8        0x8 C:/MaximSDK/Libraries/PeriphDrivers/bin/MAX32690/softfp/libPeriphDriver_softfp.a(spi_me18.o)
                0x100038b8                MXC_SPI_SetRXThreshold
 .text.MXC_SPI_SetTXThreshold
                0x100038c0        0x8 C:/MaximSDK/Libraries/PeriphDrivers/bin/MAX32690/softfp/libPeriphDriver_softfp.a(spi_me18.o)
                0x100038c0                MXC_SPI_SetTXThreshold
 .text.MXC_SPI_MasterTransaction
                0x100038c8        0x8 C:/MaximSDK/Libraries/PeriphDrivers/bin/MAX32690/softfp/libPeriphDriver_softfp.a(spi_me18.o)
                0x100038c8                MXC_SPI_MasterTransaction
 .text.MXC_SPI_RevA_TransSetup
                0x100038d0      0x1f8 C:/MaximSDK/Libraries/PeriphDrivers/bin/MAX32690/softfp/libPeriphDriver_softfp.a(spi_reva.o)
 .text.MXC_SPI_RevA_TransHandler
                0x10003ac8      0x1b4 C:/MaximSDK/Libraries/PeriphDrivers/bin/MAX32690/softfp/libPeriphDriver_softfp.a(spi_reva.o)
 .text.MXC_SPI_RevA_MasterTransHandler
                0x10003c7c       0x98 C:/MaximSDK/Libraries/PeriphDrivers/bin/MAX32690/softfp/libPeriphDriver_softfp.a(spi_reva.o)
 .text.MXC_SPI_RevA_Init
                0x10003d14      0x130 C:/MaximSDK/Libraries/PeriphDrivers/bin/MAX32690/softfp/libPeriphDriver_softfp.a(spi_reva.o)
                0x10003d14                MXC_SPI_RevA_Init
 .text.MXC_SPI_RevA_SetFrequency
                0x10003e44       0x84 C:/MaximSDK/Libraries/PeriphDrivers/bin/MAX32690/softfp/libPeriphDriver_softfp.a(spi_reva.o)
                0x10003e44                MXC_SPI_RevA_SetFrequency
 .text.MXC_SPI_RevA_SetDataSize
                0x10003ec8       0xd4 C:/MaximSDK/Libraries/PeriphDrivers/bin/MAX32690/softfp/libPeriphDriver_softfp.a(spi_reva.o)
                0x10003ec8                MXC_SPI_RevA_SetDataSize
 .text.MXC_SPI_RevA_GetDataSize
                0x10003f9c       0x58 C:/MaximSDK/Libraries/PeriphDrivers/bin/MAX32690/softfp/libPeriphDriver_softfp.a(spi_reva.o)
                0x10003f9c                MXC_SPI_RevA_GetDataSize
 .text.MXC_SPI_RevA_SetSlave
                0x10003ff4       0x7c C:/MaximSDK/Libraries/PeriphDrivers/bin/MAX32690/softfp/libPeriphDriver_softfp.a(spi_reva.o)
                0x10003ff4                MXC_SPI_RevA_SetSlave
 .text.MXC_SPI_RevA_SetWidth
                0x10004070       0x80 C:/MaximSDK/Libraries/PeriphDrivers/bin/MAX32690/softfp/libPeriphDriver_softfp.a(spi_reva.o)
                0x10004070                MXC_SPI_RevA_SetWidth
 .text.MXC_SPI_RevA_GetWidth
                0x100040f0       0x28 C:/MaximSDK/Libraries/PeriphDrivers/bin/MAX32690/softfp/libPeriphDriver_softfp.a(spi_reva.o)
                0x100040f0                MXC_SPI_RevA_GetWidth
 .text.MXC_SPI_RevA_SetMode
                0x10004118       0x9c C:/MaximSDK/Libraries/PeriphDrivers/bin/MAX32690/softfp/libPeriphDriver_softfp.a(spi_reva.o)
                0x10004118                MXC_SPI_RevA_SetMode
 .text.MXC_SPI_RevA_StartTransmission
                0x100041b4       0x5c C:/MaximSDK/Libraries/PeriphDrivers/bin/MAX32690/softfp/libPeriphDriver_softfp.a(spi_reva.o)
                0x100041b4                MXC_SPI_RevA_StartTransmission
 .text.MXC_SPI_RevA_GetActive
                0x10004210       0x12 C:/MaximSDK/Libraries/PeriphDrivers/bin/MAX32690/softfp/libPeriphDriver_softfp.a(spi_reva.o)
                0x10004210                MXC_SPI_RevA_GetActive
 *fill*         0x10004222        0x2 
 .text.MXC_SPI_RevA_ReadRXFIFO
                0x10004224       0xb8 C:/MaximSDK/Libraries/PeriphDrivers/bin/MAX32690/softfp/libPeriphDriver_softfp.a(spi_reva.o)
                0x10004224                MXC_SPI_RevA_ReadRXFIFO
 .text.MXC_SPI_RevA_GetRXFIFOAvailable
                0x100042dc        0x8 C:/MaximSDK/Libraries/PeriphDrivers/bin/MAX32690/softfp/libPeriphDriver_softfp.a(spi_reva.o)
                0x100042dc                MXC_SPI_RevA_GetRXFIFOAvailable
 .text.MXC_SPI_RevA_WriteTXFIFO
                0x100042e4       0xa0 C:/MaximSDK/Libraries/PeriphDrivers/bin/MAX32690/softfp/libPeriphDriver_softfp.a(spi_reva.o)
                0x100042e4                MXC_SPI_RevA_WriteTXFIFO
 .text.MXC_SPI_RevA_GetTXFIFOAvailable
                0x10004384       0x50 C:/MaximSDK/Libraries/PeriphDrivers/bin/MAX32690/softfp/libPeriphDriver_softfp.a(spi_reva.o)
                0x10004384                MXC_SPI_RevA_GetTXFIFOAvailable
 .text.MXC_SPI_RevA_SetRXThreshold
                0x100043d4       0x64 C:/MaximSDK/Libraries/PeriphDrivers/bin/MAX32690/softfp/libPeriphDriver_softfp.a(spi_reva.o)
                0x100043d4                MXC_SPI_RevA_SetRXThreshold
 .text.MXC_SPI_RevA_SetTXThreshold
                0x10004438       0x60 C:/MaximSDK/Libraries/PeriphDrivers/bin/MAX32690/softfp/libPeriphDriver_softfp.a(spi_reva.o)
                0x10004438                MXC_SPI_RevA_SetTXThreshold
 .text.MXC_SPI_RevA_MasterTransaction
                0x10004498       0x80 C:/MaximSDK/Libraries/PeriphDrivers/bin/MAX32690/softfp/libPeriphDriver_softfp.a(spi_reva.o)
                0x10004498                MXC_SPI_RevA_MasterTransaction
 .text.MXC_UART_Shutdown
                0x10004518       0x70 C:/MaximSDK/Libraries/PeriphDrivers/bin/MAX32690/softfp/libPeriphDriver_softfp.a(uart_me18.o)
                0x10004518                MXC_UART_Shutdown
 .text.MXC_UART_Init
                0x10004588       0xb4 C:/MaximSDK/Libraries/PeriphDrivers/bin/MAX32690/softfp/libPeriphDriver_softfp.a(uart_me18.o)
                0x10004588                MXC_UART_Init
 .text.MXC_UART_GetFrequency
                0x1000463c       0xa4 C:/MaximSDK/Libraries/PeriphDrivers/bin/MAX32690/softfp/libPeriphDriver_softfp.a(uart_me18.o)
                0x1000463c                MXC_UART_GetFrequency
 .text.MXC_UART_SetFrequency
                0x100046e0      0x134 C:/MaximSDK/Libraries/PeriphDrivers/bin/MAX32690/softfp/libPeriphDriver_softfp.a(uart_me18.o)
                0x100046e0                MXC_UART_SetFrequency
 .text.MXC_UART_SetDataSize
                0x10004814        0x8 C:/MaximSDK/Libraries/PeriphDrivers/bin/MAX32690/softfp/libPeriphDriver_softfp.a(uart_me18.o)
                0x10004814                MXC_UART_SetDataSize
 .text.MXC_UART_SetStopBits
                0x1000481c        0x8 C:/MaximSDK/Libraries/PeriphDrivers/bin/MAX32690/softfp/libPeriphDriver_softfp.a(uart_me18.o)
                0x1000481c                MXC_UART_SetStopBits
 .text.MXC_UART_SetParity
                0x10004824        0x8 C:/MaximSDK/Libraries/PeriphDrivers/bin/MAX32690/softfp/libPeriphDriver_softfp.a(uart_me18.o)
                0x10004824                MXC_UART_SetParity
 .text.MXC_UART_ReadCharacterRaw
                0x1000482c        0x8 C:/MaximSDK/Libraries/PeriphDrivers/bin/MAX32690/softfp/libPeriphDriver_softfp.a(uart_me18.o)
                0x1000482c                MXC_UART_ReadCharacterRaw
 .text.MXC_UART_WriteCharacterRaw
                0x10004834        0x8 C:/MaximSDK/Libraries/PeriphDrivers/bin/MAX32690/softfp/libPeriphDriver_softfp.a(uart_me18.o)
                0x10004834                MXC_UART_WriteCharacterRaw
 .text.MXC_UART_ReadCharacter
                0x1000483c        0x8 C:/MaximSDK/Libraries/PeriphDrivers/bin/MAX32690/softfp/libPeriphDriver_softfp.a(uart_me18.o)
                0x1000483c                MXC_UART_ReadCharacter
 .text.MXC_UART_WriteCharacter
                0x10004844        0x8 C:/MaximSDK/Libraries/PeriphDrivers/bin/MAX32690/softfp/libPeriphDriver_softfp.a(uart_me18.o)
                0x10004844                MXC_UART_WriteCharacter
 .text.MXC_UART_GetRXFIFOAvailable
                0x1000484c        0x8 C:/MaximSDK/Libraries/PeriphDrivers/bin/MAX32690/softfp/libPeriphDriver_softfp.a(uart_me18.o)
                0x1000484c                MXC_UART_GetRXFIFOAvailable
 .text.MXC_UART_GetTXFIFOAvailable
                0x10004854        0x8 C:/MaximSDK/Libraries/PeriphDrivers/bin/MAX32690/softfp/libPeriphDriver_softfp.a(uart_me18.o)
                0x10004854                MXC_UART_GetTXFIFOAvailable
 .text.MXC_UART_SetRXThreshold
                0x1000485c        0x8 C:/MaximSDK/Libraries/PeriphDrivers/bin/MAX32690/softfp/libPeriphDriver_softfp.a(uart_me18.o)
                0x1000485c                MXC_UART_SetRXThreshold
 .text.MXC_UART_RevB_Init
                0x10004864       0x7c C:/MaximSDK/Libraries/PeriphDrivers/bin/MAX32690/softfp/libPeriphDriver_softfp.a(uart_revb.o)
                0x10004864                MXC_UART_RevB_Init
 .text.MXC_UART_RevB_SetDataSize
                0x100048e0       0x48 C:/MaximSDK/Libraries/PeriphDrivers/bin/MAX32690/softfp/libPeriphDriver_softfp.a(uart_revb.o)
                0x100048e0                MXC_UART_RevB_SetDataSize
 .text.MXC_UART_RevB_SetStopBits
                0x10004928       0x4c C:/MaximSDK/Libraries/PeriphDrivers/bin/MAX32690/softfp/libPeriphDriver_softfp.a(uart_revb.o)
                0x10004928                MXC_UART_RevB_SetStopBits
 .text.MXC_UART_RevB_SetParity
                0x10004974       0xb8 C:/MaximSDK/Libraries/PeriphDrivers/bin/MAX32690/softfp/libPeriphDriver_softfp.a(uart_revb.o)
                0x10004974                MXC_UART_RevB_SetParity
 .text.MXC_UART_RevB_ReadCharacterRaw
                0x10004a2c       0x3c C:/MaximSDK/Libraries/PeriphDrivers/bin/MAX32690/softfp/libPeriphDriver_softfp.a(uart_revb.o)
                0x10004a2c                MXC_UART_RevB_ReadCharacterRaw
 .text.MXC_UART_RevB_WriteCharacterRaw
                0x10004a68       0x3c C:/MaximSDK/Libraries/PeriphDrivers/bin/MAX32690/softfp/libPeriphDriver_softfp.a(uart_revb.o)
                0x10004a68                MXC_UART_RevB_WriteCharacterRaw
 .text.MXC_UART_RevB_GetRXFIFOAvailable
                0x10004aa4        0x8 C:/MaximSDK/Libraries/PeriphDrivers/bin/MAX32690/softfp/libPeriphDriver_softfp.a(uart_revb.o)
                0x10004aa4                MXC_UART_RevB_GetRXFIFOAvailable
 .text.MXC_UART_RevB_GetTXFIFOAvailable
                0x10004aac        0xc C:/MaximSDK/Libraries/PeriphDrivers/bin/MAX32690/softfp/libPeriphDriver_softfp.a(uart_revb.o)
                0x10004aac                MXC_UART_RevB_GetTXFIFOAvailable
 .text.MXC_UART_RevB_SetRXThreshold
                0x10004ab8       0x48 C:/MaximSDK/Libraries/PeriphDrivers/bin/MAX32690/softfp/libPeriphDriver_softfp.a(uart_revb.o)
                0x10004ab8                MXC_UART_RevB_SetRXThreshold
 .text.MXC_FreeLock
                0x10004b00        0xa C:/MaximSDK/Libraries/PeriphDrivers/bin/MAX32690/softfp/libPeriphDriver_softfp.a(mxc_lock.o)
                0x10004b00                MXC_FreeLock
 *fill*         0x10004b0a        0x2 
 .text.MXC_GPIO_Common_Init
                0x10004b0c       0x40 C:/MaximSDK/Libraries/PeriphDrivers/bin/MAX32690/softfp/libPeriphDriver_softfp.a(gpio_common.o)
                0x10004b0c                MXC_GPIO_Common_Init
 .text.MXC_GPIO_Common_RegisterCallback
                0x10004b4c       0xe8 C:/MaximSDK/Libraries/PeriphDrivers/bin/MAX32690/softfp/libPeriphDriver_softfp.a(gpio_common.o)
                0x10004b4c                MXC_GPIO_Common_RegisterCallback
 .text.MXC_GPIO_Common_Handler
                0x10004c34       0x9c C:/MaximSDK/Libraries/PeriphDrivers/bin/MAX32690/softfp/libPeriphDriver_softfp.a(gpio_common.o)
                0x10004c34                MXC_GPIO_Common_Handler
 .text.MXC_UART_Common_ReadCharacter
                0x10004cd0       0x16 C:/MaximSDK/Libraries/PeriphDrivers/bin/MAX32690/softfp/libPeriphDriver_softfp.a(uart_common.o)
                0x10004cd0                MXC_UART_Common_ReadCharacter
 .text.MXC_UART_Common_WriteCharacter
                0x10004ce6       0x1a C:/MaximSDK/Libraries/PeriphDrivers/bin/MAX32690/softfp/libPeriphDriver_softfp.a(uart_common.o)
                0x10004ce6                MXC_UART_Common_WriteCharacter
 .text.calloc   0x10004d00       0x18 c:/maximsdk/tools/gnutools/10.3/bin/../lib/gcc/arm-none-eabi/10.3.1/../../../../arm-none-eabi/lib/thumb/v7e-m+fp/softfp\libc.a(lib_a-calloc.o)
                0x10004d00                calloc
 .text._calloc_r
                0x10004d18       0x78 c:/maximsdk/tools/gnutools/10.3/bin/../lib/gcc/arm-none-eabi/10.3.1/../../../../arm-none-eabi/lib/thumb/v7e-m+fp/softfp\libc.a(lib_a-callocr.o)
                0x10004d18                _calloc_r
 .text.__errno  0x10004d90        0xc c:/maximsdk/tools/gnutools/10.3/bin/../lib/gcc/arm-none-eabi/10.3.1/../../../../arm-none-eabi/lib/thumb/v7e-m+fp/softfp\libc.a(lib_a-errno.o)
                0x10004d90                __errno
 .text.__libc_init_array
                0x10004d9c       0x48 c:/maximsdk/tools/gnutools/10.3/bin/../lib/gcc/arm-none-eabi/10.3.1/../../../../arm-none-eabi/lib/thumb/v7e-m+fp/softfp\libc.a(lib_a-init.o)
                0x10004d9c                __libc_init_array
 .text.free     0x10004de4       0x10 c:/maximsdk/tools/gnutools/10.3/bin/../lib/gcc/arm-none-eabi/10.3.1/../../../../arm-none-eabi/lib/thumb/v7e-m+fp/softfp\libc.a(lib_a-malloc.o)
                0x10004de4                free
 .text._malloc_r
                0x10004df4      0x560 c:/maximsdk/tools/gnutools/10.3/bin/../lib/gcc/arm-none-eabi/10.3.1/../../../../arm-none-eabi/lib/thumb/v7e-m+fp/softfp\libc.a(lib_a-mallocr.o)
                0x10004df4                _malloc_r
 .text          0x10005354      0x134 c:/maximsdk/tools/gnutools/10.3/bin/../lib/gcc/arm-none-eabi/10.3.1/../../../../arm-none-eabi/lib/thumb/v7e-m+fp/softfp\libc.a(lib_a-memcpy.o)
                0x10005354                memcpy
 .text.memset   0x10005488       0xa4 c:/maximsdk/tools/gnutools/10.3/bin/../lib/gcc/arm-none-eabi/10.3.1/../../../../arm-none-eabi/lib/thumb/v7e-m+fp/softfp\libc.a(lib_a-memset.o)
                0x10005488                memset
 .text.__malloc_lock
                0x1000552c        0xc c:/maximsdk/tools/gnutools/10.3/bin/../lib/gcc/arm-none-eabi/10.3.1/../../../../arm-none-eabi/lib/thumb/v7e-m+fp/softfp\libc.a(lib_a-mlock.o)
                0x1000552c                __malloc_lock
 .text.__malloc_unlock
                0x10005538        0xc c:/maximsdk/tools/gnutools/10.3/bin/../lib/gcc/arm-none-eabi/10.3.1/../../../../arm-none-eabi/lib/thumb/v7e-m+fp/softfp\libc.a(lib_a-mlock.o)
                0x10005538                __malloc_unlock
 .text.printf   0x10005544       0x28 c:/maximsdk/tools/gnutools/10.3/bin/../lib/gcc/arm-none-eabi/10.3.1/../../../../arm-none-eabi/lib/thumb/v7e-m+fp/softfp\libc.a(lib_a-printf.o)
                0x10005544                printf
 .text._puts_r  0x1000556c       0x9c c:/maximsdk/tools/gnutools/10.3/bin/../lib/gcc/arm-none-eabi/10.3.1/../../../../arm-none-eabi/lib/thumb/v7e-m+fp/softfp\libc.a(lib_a-puts.o)
                0x1000556c                _puts_r
 .text.puts     0x10005608       0x10 c:/maximsdk/tools/gnutools/10.3/bin/../lib/gcc/arm-none-eabi/10.3.1/../../../../arm-none-eabi/lib/thumb/v7e-m+fp/softfp\libc.a(lib_a-puts.o)
                0x10005608                puts
 .text._sbrk_r  0x10005618       0x24 c:/maximsdk/tools/gnutools/10.3/bin/../lib/gcc/arm-none-eabi/10.3.1/../../../../arm-none-eabi/lib/thumb/v7e-m+fp/softfp\libc.a(lib_a-sbrkr.o)
                0x10005618                _sbrk_r
 *fill*         0x1000563c        0x4 
 .text          0x10005640       0xdc c:/maximsdk/tools/gnutools/10.3/bin/../lib/gcc/arm-none-eabi/10.3.1/../../../../arm-none-eabi/lib/thumb/v7e-m+fp/softfp\libc.a(lib_a-strlen.o)
                0x10005640                strlen
 *fill*         0x1000571c        0x4 
 .text._vfprintf_r
                0x10005720     0x1b8c c:/maximsdk/tools/gnutools/10.3/bin/../lib/gcc/arm-none-eabi/10.3.1/../../../../arm-none-eabi/lib/thumb/v7e-m+fp/softfp\libc.a(lib_a-vfprintf.o)
                0x10005720                _vfprintf_r
 .text.__sbprintf
                0x100072ac       0x80 c:/maximsdk/tools/gnutools/10.3/bin/../lib/gcc/arm-none-eabi/10.3.1/../../../../arm-none-eabi/lib/thumb/v7e-m+fp/softfp\libc.a(lib_a-vfprintf.o)
 .text.__swsetup_r
                0x1000732c       0xd4 c:/maximsdk/tools/gnutools/10.3/bin/../lib/gcc/arm-none-eabi/10.3.1/../../../../arm-none-eabi/lib/thumb/v7e-m+fp/softfp\libc.a(lib_a-wsetup.o)
                0x1000732c                __swsetup_r
 .text.startup.register_fini
                0x10007400       0x14 c:/maximsdk/tools/gnutools/10.3/bin/../lib/gcc/arm-none-eabi/10.3.1/../../../../arm-none-eabi/lib/thumb/v7e-m+fp/softfp\libc.a(lib_a-__call_atexit.o)
 .text.atexit   0x10007414        0xc c:/maximsdk/tools/gnutools/10.3/bin/../lib/gcc/arm-none-eabi/10.3.1/../../../../arm-none-eabi/lib/thumb/v7e-m+fp/softfp\libc.a(lib_a-atexit.o)
                0x10007414                atexit
 .text.quorem   0x10007420      0x128 c:/maximsdk/tools/gnutools/10.3/bin/../lib/gcc/arm-none-eabi/10.3.1/../../../../arm-none-eabi/lib/thumb/v7e-m+fp/softfp\libc.a(lib_a-dtoa.o)
 .text._dtoa_r  0x10007548      0xf34 c:/maximsdk/tools/gnutools/10.3/bin/../lib/gcc/arm-none-eabi/10.3.1/../../../../arm-none-eabi/lib/thumb/v7e-m+fp/softfp\libc.a(lib_a-dtoa.o)
                0x10007548                _dtoa_r
 .text.__sflush_r
                0x1000847c      0x130 c:/maximsdk/tools/gnutools/10.3/bin/../lib/gcc/arm-none-eabi/10.3.1/../../../../arm-none-eabi/lib/thumb/v7e-m+fp/softfp\libc.a(lib_a-fflush.o)
                0x1000847c                __sflush_r
 .text._fflush_r
                0x100085ac       0x5c c:/maximsdk/tools/gnutools/10.3/bin/../lib/gcc/arm-none-eabi/10.3.1/../../../../arm-none-eabi/lib/thumb/v7e-m+fp/softfp\libc.a(lib_a-fflush.o)
                0x100085ac                _fflush_r
 .text._cleanup_r
                0x10008608        0xc c:/maximsdk/tools/gnutools/10.3/bin/../lib/gcc/arm-none-eabi/10.3.1/../../../../arm-none-eabi/lib/thumb/v7e-m+fp/softfp\libc.a(lib_a-findfp.o)
                0x10008608                _cleanup_r
 .text.__sinit  0x10008614      0x10c c:/maximsdk/tools/gnutools/10.3/bin/../lib/gcc/arm-none-eabi/10.3.1/../../../../arm-none-eabi/lib/thumb/v7e-m+fp/softfp\libc.a(lib_a-findfp.o)
                0x10008614                __sinit
 .text.__sfp_lock_acquire
                0x10008720        0xc c:/maximsdk/tools/gnutools/10.3/bin/../lib/gcc/arm-none-eabi/10.3.1/../../../../arm-none-eabi/lib/thumb/v7e-m+fp/softfp\libc.a(lib_a-findfp.o)
                0x10008720                __sfp_lock_acquire
 .text.__sfp_lock_release
                0x1000872c        0xc c:/maximsdk/tools/gnutools/10.3/bin/../lib/gcc/arm-none-eabi/10.3.1/../../../../arm-none-eabi/lib/thumb/v7e-m+fp/softfp\libc.a(lib_a-findfp.o)
                0x1000872c                __sfp_lock_release
 .text.__libc_fini_array
                0x10008738       0x2c c:/maximsdk/tools/gnutools/10.3/bin/../lib/gcc/arm-none-eabi/10.3.1/../../../../arm-none-eabi/lib/thumb/v7e-m+fp/softfp\libc.a(lib_a-fini.o)
                0x10008738                __libc_fini_array
 .text._malloc_trim_r
                0x10008764       0xa0 c:/maximsdk/tools/gnutools/10.3/bin/../lib/gcc/arm-none-eabi/10.3.1/../../../../arm-none-eabi/lib/thumb/v7e-m+fp/softfp\libc.a(lib_a-freer.o)
                0x10008764                _malloc_trim_r
 .text._free_r  0x10008804      0x20c c:/maximsdk/tools/gnutools/10.3/bin/../lib/gcc/arm-none-eabi/10.3.1/../../../../arm-none-eabi/lib/thumb/v7e-m+fp/softfp\libc.a(lib_a-freer.o)
                0x10008804                _free_r
 .text.__sfvwrite_r
                0x10008a10      0x2f0 c:/maximsdk/tools/gnutools/10.3/bin/../lib/gcc/arm-none-eabi/10.3.1/../../../../arm-none-eabi/lib/thumb/v7e-m+fp/softfp\libc.a(lib_a-fvwrite.o)
                0x10008a10                __sfvwrite_r
 .text._fwalk_reent
                0x10008d00       0x48 c:/maximsdk/tools/gnutools/10.3/bin/../lib/gcc/arm-none-eabi/10.3.1/../../../../arm-none-eabi/lib/thumb/v7e-m+fp/softfp\libc.a(lib_a-fwalk.o)
                0x10008d00                _fwalk_reent
 .text._localeconv_r
                0x10008d48        0x8 c:/maximsdk/tools/gnutools/10.3/bin/../lib/gcc/arm-none-eabi/10.3.1/../../../../arm-none-eabi/lib/thumb/v7e-m+fp/softfp\libc.a(lib_a-localeconv.o)
                0x10008d48                _localeconv_r
 .text.__retarget_lock_init_recursive
                0x10008d50        0x4 c:/maximsdk/tools/gnutools/10.3/bin/../lib/gcc/arm-none-eabi/10.3.1/../../../../arm-none-eabi/lib/thumb/v7e-m+fp/softfp\libc.a(lib_a-lock.o)
                0x10008d50                __retarget_lock_init_recursive
 .text.__retarget_lock_close_recursive
                0x10008d54        0x4 c:/maximsdk/tools/gnutools/10.3/bin/../lib/gcc/arm-none-eabi/10.3.1/../../../../arm-none-eabi/lib/thumb/v7e-m+fp/softfp\libc.a(lib_a-lock.o)
                0x10008d54                __retarget_lock_close_recursive
 .text.__retarget_lock_acquire_recursive
                0x10008d58        0x4 c:/maximsdk/tools/gnutools/10.3/bin/../lib/gcc/arm-none-eabi/10.3.1/../../../../arm-none-eabi/lib/thumb/v7e-m+fp/softfp\libc.a(lib_a-lock.o)
                0x10008d58                __retarget_lock_acquire_recursive
 .text.__retarget_lock_release_recursive
                0x10008d5c        0x4 c:/maximsdk/tools/gnutools/10.3/bin/../lib/gcc/arm-none-eabi/10.3.1/../../../../arm-none-eabi/lib/thumb/v7e-m+fp/softfp\libc.a(lib_a-lock.o)
                0x10008d5c                __retarget_lock_release_recursive
 .text.__smakebuf_r
                0x10008d60       0xe0 c:/maximsdk/tools/gnutools/10.3/bin/../lib/gcc/arm-none-eabi/10.3.1/../../../../arm-none-eabi/lib/thumb/v7e-m+fp/softfp\libc.a(lib_a-makebuf.o)
                0x10008d60                __smakebuf_r
 .text          0x10008e40       0xa0 c:/maximsdk/tools/gnutools/10.3/bin/../lib/gcc/arm-none-eabi/10.3.1/../../../../arm-none-eabi/lib/thumb/v7e-m+fp/softfp\libc.a(lib_a-memchr.o)
                0x10008e40                memchr
 .text.memmove  0x10008ee0       0xf8 c:/maximsdk/tools/gnutools/10.3/bin/../lib/gcc/arm-none-eabi/10.3.1/../../../../arm-none-eabi/lib/thumb/v7e-m+fp/softfp\libc.a(lib_a-memmove.o)
                0x10008ee0                memmove
 .text._Balloc  0x10008fd8       0x4c c:/maximsdk/tools/gnutools/10.3/bin/../lib/gcc/arm-none-eabi/10.3.1/../../../../arm-none-eabi/lib/thumb/v7e-m+fp/softfp\libc.a(lib_a-mprec.o)
                0x10008fd8                _Balloc
 .text._Bfree   0x10009024       0x14 c:/maximsdk/tools/gnutools/10.3/bin/../lib/gcc/arm-none-eabi/10.3.1/../../../../arm-none-eabi/lib/thumb/v7e-m+fp/softfp\libc.a(lib_a-mprec.o)
                0x10009024                _Bfree
 .text.__multadd
                0x10009038       0xa8 c:/maximsdk/tools/gnutools/10.3/bin/../lib/gcc/arm-none-eabi/10.3.1/../../../../arm-none-eabi/lib/thumb/v7e-m+fp/softfp\libc.a(lib_a-mprec.o)
                0x10009038                __multadd
 .text.__hi0bits
                0x100090e0       0x40 c:/maximsdk/tools/gnutools/10.3/bin/../lib/gcc/arm-none-eabi/10.3.1/../../../../arm-none-eabi/lib/thumb/v7e-m+fp/softfp\libc.a(lib_a-mprec.o)
                0x100090e0                __hi0bits
 .text.__lo0bits
                0x10009120       0x60 c:/maximsdk/tools/gnutools/10.3/bin/../lib/gcc/arm-none-eabi/10.3.1/../../../../arm-none-eabi/lib/thumb/v7e-m+fp/softfp\libc.a(lib_a-mprec.o)
                0x10009120                __lo0bits
 .text.__i2b    0x10009180       0x5c c:/maximsdk/tools/gnutools/10.3/bin/../lib/gcc/arm-none-eabi/10.3.1/../../../../arm-none-eabi/lib/thumb/v7e-m+fp/softfp\libc.a(lib_a-mprec.o)
                0x10009180                __i2b
 .text.__multiply
                0x100091dc      0x15c c:/maximsdk/tools/gnutools/10.3/bin/../lib/gcc/arm-none-eabi/10.3.1/../../../../arm-none-eabi/lib/thumb/v7e-m+fp/softfp\libc.a(lib_a-mprec.o)
                0x100091dc                __multiply
 .text.__pow5mult
                0x10009338       0xc0 c:/maximsdk/tools/gnutools/10.3/bin/../lib/gcc/arm-none-eabi/10.3.1/../../../../arm-none-eabi/lib/thumb/v7e-m+fp/softfp\libc.a(lib_a-mprec.o)
                0x10009338                __pow5mult
 .text.__lshift
                0x100093f8       0xf0 c:/maximsdk/tools/gnutools/10.3/bin/../lib/gcc/arm-none-eabi/10.3.1/../../../../arm-none-eabi/lib/thumb/v7e-m+fp/softfp\libc.a(lib_a-mprec.o)
                0x100093f8                __lshift
 .text.__mcmp   0x100094e8       0x44 c:/maximsdk/tools/gnutools/10.3/bin/../lib/gcc/arm-none-eabi/10.3.1/../../../../arm-none-eabi/lib/thumb/v7e-m+fp/softfp\libc.a(lib_a-mprec.o)
                0x100094e8                __mcmp
 .text.__mdiff  0x1000952c      0x14c c:/maximsdk/tools/gnutools/10.3/bin/../lib/gcc/arm-none-eabi/10.3.1/../../../../arm-none-eabi/lib/thumb/v7e-m+fp/softfp\libc.a(lib_a-mprec.o)
                0x1000952c                __mdiff
 .text.__d2b    0x10009678       0xc4 c:/maximsdk/tools/gnutools/10.3/bin/../lib/gcc/arm-none-eabi/10.3.1/../../../../arm-none-eabi/lib/thumb/v7e-m+fp/softfp\libc.a(lib_a-mprec.o)
                0x10009678                __d2b
 .text._realloc_r
                0x1000973c      0x3d8 c:/maximsdk/tools/gnutools/10.3/bin/../lib/gcc/arm-none-eabi/10.3.1/../../../../arm-none-eabi/lib/thumb/v7e-m+fp/softfp\libc.a(lib_a-reallocr.o)
                0x1000973c                _realloc_r
 .text.frexp    0x10009b14       0x70 c:/maximsdk/tools/gnutools/10.3/bin/../lib/gcc/arm-none-eabi/10.3.1/../../../../arm-none-eabi/lib/thumb/v7e-m+fp/softfp\libc.a(lib_a-s_frexp.o)
                0x10009b14                frexp
 .text.__sread  0x10009b84       0x24 c:/maximsdk/tools/gnutools/10.3/bin/../lib/gcc/arm-none-eabi/10.3.1/../../../../arm-none-eabi/lib/thumb/v7e-m+fp/softfp\libc.a(lib_a-stdio.o)
                0x10009b84                __sread
 .text.__swrite
                0x10009ba8       0x40 c:/maximsdk/tools/gnutools/10.3/bin/../lib/gcc/arm-none-eabi/10.3.1/../../../../arm-none-eabi/lib/thumb/v7e-m+fp/softfp\libc.a(lib_a-stdio.o)
                0x10009ba8                __swrite
 .text.__sseek  0x10009be8       0x20 c:/maximsdk/tools/gnutools/10.3/bin/../lib/gcc/arm-none-eabi/10.3.1/../../../../arm-none-eabi/lib/thumb/v7e-m+fp/softfp\libc.a(lib_a-stdio.o)
                0x10009be8                __sseek
 .text.__sclose
                0x10009c08        0x8 c:/maximsdk/tools/gnutools/10.3/bin/../lib/gcc/arm-none-eabi/10.3.1/../../../../arm-none-eabi/lib/thumb/v7e-m+fp/softfp\libc.a(lib_a-stdio.o)
                0x10009c08                __sclose
 .text.strncpy  0x10009c10       0x64 c:/maximsdk/tools/gnutools/10.3/bin/../lib/gcc/arm-none-eabi/10.3.1/../../../../arm-none-eabi/lib/thumb/v7e-m+fp/softfp\libc.a(lib_a-strncpy.o)
                0x10009c10                strncpy
 .text.__sprint_r.part.0
                0x10009c74       0x78 c:/maximsdk/tools/gnutools/10.3/bin/../lib/gcc/arm-none-eabi/10.3.1/../../../../arm-none-eabi/lib/thumb/v7e-m+fp/softfp\libc.a(lib_a-vfiprintf.o)
 .text.__sprint_r
                0x10009cec       0x18 c:/maximsdk/tools/gnutools/10.3/bin/../lib/gcc/arm-none-eabi/10.3.1/../../../../arm-none-eabi/lib/thumb/v7e-m+fp/softfp\libc.a(lib_a-vfiprintf.o)
                0x10009cec                __sprint_r
 .text._vfiprintf_r
                0x10009d04      0xdfc c:/maximsdk/tools/gnutools/10.3/bin/../lib/gcc/arm-none-eabi/10.3.1/../../../../arm-none-eabi/lib/thumb/v7e-m+fp/softfp\libc.a(lib_a-vfiprintf.o)
                0x10009d04                _vfiprintf_r
 .text.__sbprintf
                0x1000ab00       0x80 c:/maximsdk/tools/gnutools/10.3/bin/../lib/gcc/arm-none-eabi/10.3.1/../../../../arm-none-eabi/lib/thumb/v7e-m+fp/softfp\libc.a(lib_a-vfiprintf.o)
 .text.__swbuf_r
                0x1000ab80       0xb0 c:/maximsdk/tools/gnutools/10.3/bin/../lib/gcc/arm-none-eabi/10.3.1/../../../../arm-none-eabi/lib/thumb/v7e-m+fp/softfp\libc.a(lib_a-wbuf.o)
                0x1000ab80                __swbuf_r
 .text._write_r
                0x1000ac30       0x2c c:/maximsdk/tools/gnutools/10.3/bin/../lib/gcc/arm-none-eabi/10.3.1/../../../../arm-none-eabi/lib/thumb/v7e-m+fp/softfp\libc.a(lib_a-writer.o)
                0x1000ac30                _write_r
 .text.__register_exitproc
                0x1000ac5c       0x8c c:/maximsdk/tools/gnutools/10.3/bin/../lib/gcc/arm-none-eabi/10.3.1/../../../../arm-none-eabi/lib/thumb/v7e-m+fp/softfp\libc.a(lib_a-__atexit.o)
                0x1000ac5c                __register_exitproc
 .text.__assert_func
                0x1000ace8       0x40 c:/maximsdk/tools/gnutools/10.3/bin/../lib/gcc/arm-none-eabi/10.3.1/../../../../arm-none-eabi/lib/thumb/v7e-m+fp/softfp\libc.a(lib_a-assert.o)
                0x1000ace8                __assert_func
 .text._close_r
                0x1000ad28       0x24 c:/maximsdk/tools/gnutools/10.3/bin/../lib/gcc/arm-none-eabi/10.3.1/../../../../arm-none-eabi/lib/thumb/v7e-m+fp/softfp\libc.a(lib_a-closer.o)
                0x1000ad28                _close_r
 .text._fclose_r
                0x1000ad4c       0xcc c:/maximsdk/tools/gnutools/10.3/bin/../lib/gcc/arm-none-eabi/10.3.1/../../../../arm-none-eabi/lib/thumb/v7e-m+fp/softfp\libc.a(lib_a-fclose.o)
                0x1000ad4c                _fclose_r
 .text.fiprintf
                0x1000ae18       0x28 c:/maximsdk/tools/gnutools/10.3/bin/../lib/gcc/arm-none-eabi/10.3.1/../../../../arm-none-eabi/lib/thumb/v7e-m+fp/softfp\libc.a(lib_a-fiprintf.o)
                0x1000ae18                fiprintf
 .text.__fputwc
                0x1000ae40       0xa8 c:/maximsdk/tools/gnutools/10.3/bin/../lib/gcc/arm-none-eabi/10.3.1/../../../../arm-none-eabi/lib/thumb/v7e-m+fp/softfp\libc.a(lib_a-fputwc.o)
                0x1000ae40                __fputwc
 .text._fputwc_r
                0x1000aee8       0x68 c:/maximsdk/tools/gnutools/10.3/bin/../lib/gcc/arm-none-eabi/10.3.1/../../../../arm-none-eabi/lib/thumb/v7e-m+fp/softfp\libc.a(lib_a-fputwc.o)
                0x1000aee8                _fputwc_r
 .text._fstat_r
                0x1000af50       0x2c c:/maximsdk/tools/gnutools/10.3/bin/../lib/gcc/arm-none-eabi/10.3.1/../../../../arm-none-eabi/lib/thumb/v7e-m+fp/softfp\libc.a(lib_a-fstatr.o)
                0x1000af50                _fstat_r
 .text._isatty_r
                0x1000af7c       0x24 c:/maximsdk/tools/gnutools/10.3/bin/../lib/gcc/arm-none-eabi/10.3.1/../../../../arm-none-eabi/lib/thumb/v7e-m+fp/softfp\libc.a(lib_a-isattyr.o)
                0x1000af7c                _isatty_r
 .text.__locale_mb_cur_max
                0x1000afa0        0xc c:/maximsdk/tools/gnutools/10.3/bin/../lib/gcc/arm-none-eabi/10.3.1/../../../../arm-none-eabi/lib/thumb/v7e-m+fp/softfp\libc.a(lib_a-locale.o)
                0x1000afa0                __locale_mb_cur_max
 .text._lseek_r
                0x1000afac       0x2c c:/maximsdk/tools/gnutools/10.3/bin/../lib/gcc/arm-none-eabi/10.3.1/../../../../arm-none-eabi/lib/thumb/v7e-m+fp/softfp\libc.a(lib_a-lseekr.o)
                0x1000afac                _lseek_r
 .text.__ascii_mbtowc
                0x1000afd8       0x2c c:/maximsdk/tools/gnutools/10.3/bin/../lib/gcc/arm-none-eabi/10.3.1/../../../../arm-none-eabi/lib/thumb/v7e-m+fp/softfp\libc.a(lib_a-mbtowc_r.o)
                0x1000afd8                __ascii_mbtowc
 .text._read_r  0x1000b004       0x2c c:/maximsdk/tools/gnutools/10.3/bin/../lib/gcc/arm-none-eabi/10.3.1/../../../../arm-none-eabi/lib/thumb/v7e-m+fp/softfp\libc.a(lib_a-readr.o)
                0x1000b004                _read_r
 .text._wcrtomb_r
                0x1000b030       0x3c c:/maximsdk/tools/gnutools/10.3/bin/../lib/gcc/arm-none-eabi/10.3.1/../../../../arm-none-eabi/lib/thumb/v7e-m+fp/softfp\libc.a(lib_a-wcrtomb.o)
                0x1000b030                _wcrtomb_r
 .text.__ascii_wctomb
                0x1000b06c       0x1c c:/maximsdk/tools/gnutools/10.3/bin/../lib/gcc/arm-none-eabi/10.3.1/../../../../arm-none-eabi/lib/thumb/v7e-m+fp/softfp\libc.a(lib_a-wctomb_r.o)
                0x1000b06c                __ascii_wctomb
 .text.abort    0x1000b088       0x10 c:/maximsdk/tools/gnutools/10.3/bin/../lib/gcc/arm-none-eabi/10.3.1/../../../../arm-none-eabi/lib/thumb/v7e-m+fp/softfp\libc.a(lib_a-abort.o)
                0x1000b088                abort
 .text.raise    0x1000b098       0x5c c:/maximsdk/tools/gnutools/10.3/bin/../lib/gcc/arm-none-eabi/10.3.1/../../../../arm-none-eabi/lib/thumb/v7e-m+fp/softfp\libc.a(lib_a-signal.o)
                0x1000b098                raise
 .text._kill_r  0x1000b0f4       0x2c c:/maximsdk/tools/gnutools/10.3/bin/../lib/gcc/arm-none-eabi/10.3.1/../../../../arm-none-eabi/lib/thumb/v7e-m+fp/softfp\libc.a(lib_a-signalr.o)
                0x1000b0f4                _kill_r
 .text._getpid_r
                0x1000b120        0x4 c:/maximsdk/tools/gnutools/10.3/bin/../lib/gcc/arm-none-eabi/10.3.1/../../../../arm-none-eabi/lib/thumb/v7e-m+fp/softfp\libc.a(lib_a-signalr.o)
                0x1000b120                _getpid_r
 .text.round    0x1000b124       0x9c c:/maximsdk/tools/gnutools/10.3/bin/../lib/gcc/arm-none-eabi/10.3.1/../../../../arm-none-eabi/lib/thumb/v7e-m+fp/softfp\libm.a(lib_a-s_round.o)
                0x1000b124                round
 .text._getpid  0x1000b1c0       0x10 c:/maximsdk/tools/gnutools/10.3/bin/../lib/gcc/arm-none-eabi/10.3.1/../../../../arm-none-eabi/lib/thumb/v7e-m+fp/softfp\libnosys.a(getpid.o)
                0x1000b1c0                _getpid
 .text._kill    0x1000b1d0       0x10 c:/maximsdk/tools/gnutools/10.3/bin/../lib/gcc/arm-none-eabi/10.3.1/../../../../arm-none-eabi/lib/thumb/v7e-m+fp/softfp\libnosys.a(kill.o)
                0x1000b1d0                _kill
 .text._exit    0x1000b1e0        0x4 c:/maximsdk/tools/gnutools/10.3/bin/../lib/gcc/arm-none-eabi/10.3.1/../../../../arm-none-eabi/lib/thumb/v7e-m+fp/softfp\libnosys.a(_exit.o)
                0x1000b1e0                _exit
 .text          0x1000b1e4      0x378 c:/maximsdk/tools/gnutools/10.3/bin/../lib/gcc/arm-none-eabi/10.3.1/thumb/v7e-m+fp/softfp\libgcc.a(_arm_addsubdf3.o)
                0x1000b1e4                __aeabi_drsub
                0x1000b1ec                __aeabi_dsub
                0x1000b1ec                __subdf3
                0x1000b1f0                __aeabi_dadd
                0x1000b1f0                __adddf3
                0x1000b468                __floatunsidf
                0x1000b468                __aeabi_ui2d
                0x1000b488                __floatsidf
                0x1000b488                __aeabi_i2d
                0x1000b4ac                __aeabi_f2d
                0x1000b4ac                __extendsfdf2
                0x1000b4f0                __floatundidf
                0x1000b4f0                __aeabi_ul2d
                0x1000b500                __floatdidf
                0x1000b500                __aeabi_l2d
 .text          0x1000b55c      0x424 c:/maximsdk/tools/gnutools/10.3/bin/../lib/gcc/arm-none-eabi/10.3.1/thumb/v7e-m+fp/softfp\libgcc.a(_arm_muldivdf3.o)
                0x1000b55c                __aeabi_dmul
                0x1000b55c                __muldf3
                0x1000b7b0                __divdf3
                0x1000b7b0                __aeabi_ddiv
 .text          0x1000b980      0x110 c:/maximsdk/tools/gnutools/10.3/bin/../lib/gcc/arm-none-eabi/10.3.1/thumb/v7e-m+fp/softfp\libgcc.a(_arm_cmpdf2.o)
                0x1000b980                __gtdf2
                0x1000b980                __gedf2
                0x1000b988                __ltdf2
                0x1000b988                __ledf2
                0x1000b990                __nedf2
                0x1000b990                __eqdf2
                0x1000b990                __cmpdf2
                0x1000ba0c                __aeabi_cdrcmple
                0x1000ba1c                __aeabi_cdcmpeq
                0x1000ba1c                __aeabi_cdcmple
                0x1000ba2c                __aeabi_dcmpeq
                0x1000ba40                __aeabi_dcmplt
                0x1000ba54                __aeabi_dcmple
                0x1000ba68                __aeabi_dcmpge
                0x1000ba7c                __aeabi_dcmpgt
 .text          0x1000ba90       0x2c c:/maximsdk/tools/gnutools/10.3/bin/../lib/gcc/arm-none-eabi/10.3.1/thumb/v7e-m+fp/softfp\libgcc.a(_arm_unorddf2.o)
                0x1000ba90                __unorddf2
                0x1000ba90                __aeabi_dcmpun
 .text          0x1000babc       0x50 c:/maximsdk/tools/gnutools/10.3/bin/../lib/gcc/arm-none-eabi/10.3.1/thumb/v7e-m+fp/softfp\libgcc.a(_arm_fixdfsi.o)
                0x1000babc                __aeabi_d2iz
                0x1000babc                __fixdfsi
 .text          0x1000bb0c       0x40 c:/maximsdk/tools/gnutools/10.3/bin/../lib/gcc/arm-none-eabi/10.3.1/thumb/v7e-m+fp/softfp\libgcc.a(_arm_fixunsdfsi.o)
                0x1000bb0c                __aeabi_d2uiz
                0x1000bb0c                __fixunsdfsi
 .text          0x1000bb4c       0xa0 c:/maximsdk/tools/gnutools/10.3/bin/../lib/gcc/arm-none-eabi/10.3.1/thumb/v7e-m+fp/softfp\libgcc.a(_arm_truncdfsf2.o)
                0x1000bb4c                __truncdfsf2
                0x1000bb4c                __aeabi_d2f
 .text          0x1000bbec       0x30 c:/maximsdk/tools/gnutools/10.3/bin/../lib/gcc/arm-none-eabi/10.3.1/thumb/v7e-m+fp/softfp\libgcc.a(_aeabi_uldivmod.o)
                0x1000bbec                __aeabi_uldivmod
 .text          0x1000bc1c      0x2d0 c:/maximsdk/tools/gnutools/10.3/bin/../lib/gcc/arm-none-eabi/10.3.1/thumb/v7e-m+fp/softfp\libgcc.a(_udivmoddi4.o)
                0x1000bc1c                __udivmoddi4
 .text          0x1000beec        0x4 c:/maximsdk/tools/gnutools/10.3/bin/../lib/gcc/arm-none-eabi/10.3.1/thumb/v7e-m+fp/softfp\libgcc.a(_dvmd_tls.o)
                0x1000beec                __aeabi_idiv0
                0x1000beec                __aeabi_ldiv0
 *(.rodata*)
 .rodata.Detect_Battery.str1.4
                0x1000bef0       0x1b c:/Users/ahammad.n/Desktop/Maxim_Micro_Workspace/E_BIKE_SOLUTION_MAX32690_LTC7871_MAX77958_ADBMS_6948/build/BMS.o
 *fill*         0x1000bf0b        0x1 
 .rodata.ADBMS_Print_All_Reg_Data.str1.4
                0x1000bf0c      0x172 c:/Users/ahammad.n/Desktop/Maxim_Micro_Workspace/E_BIKE_SOLUTION_MAX32690_LTC7871_MAX77958_ADBMS_6948/build/BMS.o
 *fill*         0x1000c07e        0x2 
 .rodata.ADBMS_Print_Data.str1.4
                0x1000c080        0x6 c:/Users/ahammad.n/Desktop/Maxim_Micro_Workspace/E_BIKE_SOLUTION_MAX32690_LTC7871_MAX77958_ADBMS_6948/build/BMS.o
 *fill*         0x1000c086        0x2 
 .rodata.ADBMS_Print_Status_Data.str1.4
                0x1000c088       0x7c c:/Users/ahammad.n/Desktop/Maxim_Micro_Workspace/E_BIKE_SOLUTION_MAX32690_LTC7871_MAX77958_ADBMS_6948/build/BMS.o
 .rodata.GPIO_Init_BMS_Charger.str1.4
                0x1000c104       0x38 c:/Users/ahammad.n/Desktop/Maxim_Micro_Workspace/E_BIKE_SOLUTION_MAX32690_LTC7871_MAX77958_ADBMS_6948/build/BMS.o
 .rodata.ADBMS_Read_Data.str1.4
                0x1000c13c       0x2d c:/Users/ahammad.n/Desktop/Maxim_Micro_Workspace/E_BIKE_SOLUTION_MAX32690_LTC7871_MAX77958_ADBMS_6948/build/BMS.o
 *fill*         0x1000c169        0x3 
 .rodata.ADSV_PWM_Discharge_Measurement.str1.4
                0x1000c16c      0x1c3 c:/Users/ahammad.n/Desktop/Maxim_Micro_Workspace/E_BIKE_SOLUTION_MAX32690_LTC7871_MAX77958_ADBMS_6948/build/BMS.o
 *fill*         0x1000c32f        0x1 
 .rodata.Crc15Table
                0x1000c330      0x200 c:/Users/ahammad.n/Desktop/Maxim_Micro_Workspace/E_BIKE_SOLUTION_MAX32690_LTC7871_MAX77958_ADBMS_6948/build/BMS.o
                0x1000c330                Crc15Table
 .rodata.Pec_Calculation.str1.4
                0x1000c530        0xf c:/Users/ahammad.n/Desktop/Maxim_Micro_Workspace/E_BIKE_SOLUTION_MAX32690_LTC7871_MAX77958_ADBMS_6948/build/Charger_Functions.o
 *fill*         0x1000c53f        0x1 
 .rodata.Write_Register_LT7871.str1.4
                0x1000c540       0x11 c:/Users/ahammad.n/Desktop/Maxim_Micro_Workspace/E_BIKE_SOLUTION_MAX32690_LTC7871_MAX77958_ADBMS_6948/build/Charger_Functions.o
 *fill*         0x1000c551        0x3 
 .rodata.Charger_Mode_Selection.str1.4
                0x1000c554       0x35 c:/Users/ahammad.n/Desktop/Maxim_Micro_Workspace/E_BIKE_SOLUTION_MAX32690_LTC7871_MAX77958_ADBMS_6948/build/Charger_Functions.o
 *fill*         0x1000c589        0x3 
 .rodata.Set_Output_Voltage_LTC7871.str1.4
                0x1000c58c       0x1e c:/Users/ahammad.n/Desktop/Maxim_Micro_Workspace/E_BIKE_SOLUTION_MAX32690_LTC7871_MAX77958_ADBMS_6948/build/Charger_Functions.o
 *fill*         0x1000c5aa        0x2 
 .rodata.CC_CV_Charging.str1.4
                0x1000c5ac       0x2b c:/Users/ahammad.n/Desktop/Maxim_Micro_Workspace/E_BIKE_SOLUTION_MAX32690_LTC7871_MAX77958_ADBMS_6948/build/Charger_Functions.o
 *fill*         0x1000c5d7        0x1 
 .rodata        0x1000c5d8        0xb c:/Users/ahammad.n/Desktop/Maxim_Micro_Workspace/E_BIKE_SOLUTION_MAX32690_LTC7871_MAX77958_ADBMS_6948/build/Charger_Functions.o
 *fill*         0x1000c5e3        0x1 
 .rodata.main.str1.4
                0x1000c5e4      0x1b6 c:/Users/ahammad.n/Desktop/Maxim_Micro_Workspace/E_BIKE_SOLUTION_MAX32690_LTC7871_MAX77958_ADBMS_6948/build/main.o
 *fill*         0x1000c79a        0x2 
 .rodata.mxc_assert.str1.4
                0x1000c79c       0x19 c:/Users/ahammad.n/Desktop/Maxim_Micro_Workspace/E_BIKE_SOLUTION_MAX32690_LTC7871_MAX77958_ADBMS_6948/build/board.o
 *fill*         0x1000c7b5        0x3 
 .rodata.Board_Init.str1.4
                0x1000c7b8       0x45 c:/Users/ahammad.n/Desktop/Maxim_Micro_Workspace/E_BIKE_SOLUTION_MAX32690_LTC7871_MAX77958_ADBMS_6948/build/board.o
 *fill*         0x1000c7fd        0x3 
 .rodata.NMI_Handler.str1.4
                0x1000c800        0xc c:/Users/ahammad.n/Desktop/Maxim_Micro_Workspace/E_BIKE_SOLUTION_MAX32690_LTC7871_MAX77958_ADBMS_6948/build/board.o
 .rodata.HardFault_Handler.str1.4
                0x1000c80c       0x12 c:/Users/ahammad.n/Desktop/Maxim_Micro_Workspace/E_BIKE_SOLUTION_MAX32690_LTC7871_MAX77958_ADBMS_6948/build/board.o
 *fill*         0x1000c81e        0x2 
 .rodata.led_pin
                0x1000c820       0x3c c:/Users/ahammad.n/Desktop/Maxim_Micro_Workspace/E_BIKE_SOLUTION_MAX32690_LTC7871_MAX77958_ADBMS_6948/build/board.o
                0x1000c820                led_pin
 .rodata.num_leds
                0x1000c85c        0x4 c:/Users/ahammad.n/Desktop/Maxim_Micro_Workspace/E_BIKE_SOLUTION_MAX32690_LTC7871_MAX77958_ADBMS_6948/build/board.o
                0x1000c85c                num_leds
 .rodata.num_pbs
                0x1000c860        0x4 c:/Users/ahammad.n/Desktop/Maxim_Micro_Workspace/E_BIKE_SOLUTION_MAX32690_LTC7871_MAX77958_ADBMS_6948/build/board.o
                0x1000c860                num_pbs
 .rodata.pb_pin
                0x1000c864        0xc c:/Users/ahammad.n/Desktop/Maxim_Micro_Workspace/E_BIKE_SOLUTION_MAX32690_LTC7871_MAX77958_ADBMS_6948/build/board.o
                0x1000c864                pb_pin
 .rodata.LED_On.str1.4
                0x1000c870       0x4f c:/Users/ahammad.n/Desktop/Maxim_Micro_Workspace/E_BIKE_SOLUTION_MAX32690_LTC7871_MAX77958_ADBMS_6948/build/led.o
 *fill*         0x1000c8bf        0x1 
 .rodata.MXC_SPI_Init.str1.4
                0x1000c8c0       0x51 C:/MaximSDK/Libraries/PeriphDrivers/bin/MAX32690/softfp/libPeriphDriver_softfp.a(spi_me18.o)
 *fill*         0x1000c911        0x3 
 .rodata.MXC_SPI_RevA_SwapByte.str1.4
                0x1000c914       0x50 C:/MaximSDK/Libraries/PeriphDrivers/bin/MAX32690/softfp/libPeriphDriver_softfp.a(spi_reva.o)
 .rodata.MXC_SPI_RevA_TransSetup.str1.4
                0x1000c964       0x22 C:/MaximSDK/Libraries/PeriphDrivers/bin/MAX32690/softfp/libPeriphDriver_softfp.a(spi_reva.o)
                                 0x32 (size before relaxing)
 *fill*         0x1000c986        0x2 
 .rodata.MXC_SPI_RevA_ReadyForSleep.str1.4
                0x1000c988       0x2c C:/MaximSDK/Libraries/PeriphDrivers/bin/MAX32690/softfp/libPeriphDriver_softfp.a(spi_reva.o)
 .rodata.gpio_cfg_extclk
                0x1000c9b4        0xc C:/MaximSDK/Libraries/PeriphDrivers/bin/MAX32690/softfp/libPeriphDriver_softfp.a(pins_me18.o)
                0x1000c9b4                gpio_cfg_extclk
 .rodata.gpio_cfg_i2c0
                0x1000c9c0        0xc C:/MaximSDK/Libraries/PeriphDrivers/bin/MAX32690/softfp/libPeriphDriver_softfp.a(pins_me18.o)
                0x1000c9c0                gpio_cfg_i2c0
 .rodata.gpio_cfg_i2c1
                0x1000c9cc        0xc C:/MaximSDK/Libraries/PeriphDrivers/bin/MAX32690/softfp/libPeriphDriver_softfp.a(pins_me18.o)
                0x1000c9cc                gpio_cfg_i2c1
 .rodata.gpio_cfg_i2c2
                0x1000c9d8        0xc C:/MaximSDK/Libraries/PeriphDrivers/bin/MAX32690/softfp/libPeriphDriver_softfp.a(pins_me18.o)
                0x1000c9d8                gpio_cfg_i2c2
 .rodata.gpio_cfg_spi0
                0x1000c9e4        0xc C:/MaximSDK/Libraries/PeriphDrivers/bin/MAX32690/softfp/libPeriphDriver_softfp.a(pins_me18.o)
                0x1000c9e4                gpio_cfg_spi0
 .rodata.gpio_cfg_spi0_ss0
                0x1000c9f0        0xc C:/MaximSDK/Libraries/PeriphDrivers/bin/MAX32690/softfp/libPeriphDriver_softfp.a(pins_me18.o)
                0x1000c9f0                gpio_cfg_spi0_ss0
 .rodata.gpio_cfg_spi0_ss1
                0x1000c9fc        0xc C:/MaximSDK/Libraries/PeriphDrivers/bin/MAX32690/softfp/libPeriphDriver_softfp.a(pins_me18.o)
                0x1000c9fc                gpio_cfg_spi0_ss1
 .rodata.gpio_cfg_spi1
                0x1000ca08        0xc C:/MaximSDK/Libraries/PeriphDrivers/bin/MAX32690/softfp/libPeriphDriver_softfp.a(pins_me18.o)
                0x1000ca08                gpio_cfg_spi1
 .rodata.gpio_cfg_spi1_ss0
                0x1000ca14        0xc C:/MaximSDK/Libraries/PeriphDrivers/bin/MAX32690/softfp/libPeriphDriver_softfp.a(pins_me18.o)
                0x1000ca14                gpio_cfg_spi1_ss0
 .rodata.gpio_cfg_spi1_ss1
                0x1000ca20        0xc C:/MaximSDK/Libraries/PeriphDrivers/bin/MAX32690/softfp/libPeriphDriver_softfp.a(pins_me18.o)
                0x1000ca20                gpio_cfg_spi1_ss1
 .rodata.gpio_cfg_spi1_ss2
                0x1000ca2c        0xc C:/MaximSDK/Libraries/PeriphDrivers/bin/MAX32690/softfp/libPeriphDriver_softfp.a(pins_me18.o)
                0x1000ca2c                gpio_cfg_spi1_ss2
 .rodata.gpio_cfg_spi2
                0x1000ca38        0xc C:/MaximSDK/Libraries/PeriphDrivers/bin/MAX32690/softfp/libPeriphDriver_softfp.a(pins_me18.o)
                0x1000ca38                gpio_cfg_spi2
 .rodata.gpio_cfg_spi2_ss0
                0x1000ca44        0xc C:/MaximSDK/Libraries/PeriphDrivers/bin/MAX32690/softfp/libPeriphDriver_softfp.a(pins_me18.o)
                0x1000ca44                gpio_cfg_spi2_ss0
 .rodata.gpio_cfg_spi2_ss1
                0x1000ca50        0xc C:/MaximSDK/Libraries/PeriphDrivers/bin/MAX32690/softfp/libPeriphDriver_softfp.a(pins_me18.o)
                0x1000ca50                gpio_cfg_spi2_ss1
 .rodata.gpio_cfg_spi2_ss2
                0x1000ca5c        0xc C:/MaximSDK/Libraries/PeriphDrivers/bin/MAX32690/softfp/libPeriphDriver_softfp.a(pins_me18.o)
                0x1000ca5c                gpio_cfg_spi2_ss2
 .rodata.gpio_cfg_spi3
                0x1000ca68        0xc C:/MaximSDK/Libraries/PeriphDrivers/bin/MAX32690/softfp/libPeriphDriver_softfp.a(pins_me18.o)
                0x1000ca68                gpio_cfg_spi3
 .rodata.gpio_cfg_spi3_ss0
                0x1000ca74        0xc C:/MaximSDK/Libraries/PeriphDrivers/bin/MAX32690/softfp/libPeriphDriver_softfp.a(pins_me18.o)
                0x1000ca74                gpio_cfg_spi3_ss0
 .rodata.gpio_cfg_spi3_ss1
                0x1000ca80        0xc C:/MaximSDK/Libraries/PeriphDrivers/bin/MAX32690/softfp/libPeriphDriver_softfp.a(pins_me18.o)
                0x1000ca80                gpio_cfg_spi3_ss1
 .rodata.gpio_cfg_spi3_ss2
                0x1000ca8c        0xc C:/MaximSDK/Libraries/PeriphDrivers/bin/MAX32690/softfp/libPeriphDriver_softfp.a(pins_me18.o)
                0x1000ca8c                gpio_cfg_spi3_ss2
 .rodata.gpio_cfg_spi4